Rc files read:
  /etc/LatexMk
Latexmk: This is Latexmk, John Collins, 31 Jan. 2024. Version 4.83.
No existing .aux file, so I'll make a simple one, and require run of *latex.
Latexmk: applying rule 'pdflatex'...
Rule 'pdflatex':  Reasons for rerun
Category 'other':
  Rerun of 'pdflatex' forced or previously required:
    Reason or flag: 'Initial setup'

------------
Run number 1 of rule 'pdflatex'
------------
------------
Running 'pdflatex  -interaction=nonstopmode -halt-on-error -file-line-error -recorder  "main.tex"'
------------
This is pdfTeX, Version 3.141592653-2.6-1.40.25 (TeX Live 2023/Debian) (preloaded format=pdflatex)
 restricted \write18 enabled.
entering extended mode
(./main.tex
LaTeX2e <2023-11-01> patch level 1
L3 programming layer <2024-01-22>
(/usr/share/texlive/texmf-dist/tex/latex/base/article.cls
Document Class: article 2023/05/17 v1.4n Standard LaTeX document class
(/usr/share/texlive/texmf-dist/tex/latex/base/size11.clo))
(/usr/share/texlive/texmf-dist/tex/latex/geometry/geometry.sty
(/usr/share/texlive/texmf-dist/tex/latex/graphics/keyval.sty)
(/usr/share/texlive/texmf-dist/tex/generic/iftex/ifvtex.sty
(/usr/share/texlive/texmf-dist/tex/generic/iftex/iftex.sty)))
(/usr/share/texlive/texmf-dist/tex/latex/amsmath/amsmath.sty
For additional information on amsmath, use the `?' option.
(/usr/share/texlive/texmf-dist/tex/latex/amsmath/amstext.sty
(/usr/share/texlive/texmf-dist/tex/latex/amsmath/amsgen.sty))
(/usr/share/texlive/texmf-dist/tex/latex/amsmath/amsbsy.sty)
(/usr/share/texlive/texmf-dist/tex/latex/amsmath/amsopn.sty))
(/usr/share/texlive/texmf-dist/tex/latex/amsfonts/amssymb.sty
(/usr/share/texlive/texmf-dist/tex/latex/amsfonts/amsfonts.sty))
(/usr/share/texlive/texmf-dist/tex/latex/amscls/amsthm.sty)
(/usr/share/texlive/texmf-dist/tex/latex/booktabs/booktabs.sty)
(/usr/share/texlive/texmf-dist/tex/latex/tools/array.sty)
(/usr/share/texlive/texmf-dist/tex/latex/microtype/microtype.sty
(/usr/share/texlive/texmf-dist/tex/latex/etoolbox/etoolbox.sty)
(/usr/share/texlive/texmf-dist/tex/latex/microtype/microtype-pdftex.def)
(/usr/share/texlive/texmf-dist/tex/latex/microtype/microtype.cfg))
(/usr/share/texlive/texmf-dist/tex/latex/xcolor/xcolor.sty
(/usr/share/texlive/texmf-dist/tex/latex/graphics-cfg/color.cfg)
(/usr/share/texlive/texmf-dist/tex/latex/graphics-def/pdftex.def)
(/usr/share/texlive/texmf-dist/tex/latex/graphics/mathcolor.ltx))
(/usr/share/texlive/texmf-dist/tex/latex/pgf/frontendlayer/tikz.sty
(/usr/share/texlive/texmf-dist/tex/latex/pgf/basiclayer/pgf.sty
(/usr/share/texlive/texmf-dist/tex/latex/pgf/utilities/pgfrcs.sty
(/usr/share/texlive/texmf-dist/tex/generic/pgf/utilities/pgfutil-common.tex)
(/usr/share/texlive/texmf-dist/tex/generic/pgf/utilities/pgfutil-latex.def)
(/usr/share/texlive/texmf-dist/tex/generic/pgf/utilities/pgfrcs.code.tex
(/usr/share/texlive/texmf-dist/tex/generic/pgf/pgf.revision.tex)))
(/usr/share/texlive/texmf-dist/tex/latex/pgf/basiclayer/pgfcore.sty
(/usr/share/texlive/texmf-dist/tex/latex/graphics/graphicx.sty
(/usr/share/texlive/texmf-dist/tex/latex/graphics/graphics.sty
(/usr/share/texlive/texmf-dist/tex/latex/graphics/trig.sty)
(/usr/share/texlive/texmf-dist/tex/latex/graphics-cfg/graphics.cfg)))
(/usr/share/texlive/texmf-dist/tex/latex/pgf/systemlayer/pgfsys.sty
(/usr/share/texlive/texmf-dist/tex/generic/pgf/systemlayer/pgfsys.code.tex
(/usr/share/texlive/texmf-dist/tex/generic/pgf/utilities/pgfkeys.code.tex
(/usr/share/texlive/texmf-dist/tex/generic/pgf/utilities/pgfkeyslibraryfiltered
.code.tex)) (/usr/share/texlive/texmf-dist/tex/generic/pgf/systemlayer/pgf.cfg)
(/usr/share/texlive/texmf-dist/tex/generic/pgf/systemlayer/pgfsys-pdftex.def
(/usr/share/texlive/texmf-dist/tex/generic/pgf/systemlayer/pgfsys-common-pdf.de
f)))
(/usr/share/texlive/texmf-dist/tex/generic/pgf/systemlayer/pgfsyssoftpath.code.
tex)
(/usr/share/texlive/texmf-dist/tex/generic/pgf/systemlayer/pgfsysprotocol.code.
tex))
(/usr/share/texlive/texmf-dist/tex/generic/pgf/basiclayer/pgfcore.code.tex
(/usr/share/texlive/texmf-dist/tex/generic/pgf/math/pgfmath.code.tex
(/usr/share/texlive/texmf-dist/tex/generic/pgf/math/pgfmathutil.code.tex)
(/usr/share/texlive/texmf-dist/tex/generic/pgf/math/pgfmathparser.code.tex)
(/usr/share/texlive/texmf-dist/tex/generic/pgf/math/pgfmathfunctions.code.tex)
(/usr/share/texlive/texmf-dist/tex/generic/pgf/math/pgfmathfunctions.basic.code
.tex)
(/usr/share/texlive/texmf-dist/tex/generic/pgf/math/pgfmathfunctions.trigonomet
ric.code.tex)
(/usr/share/texlive/texmf-dist/tex/generic/pgf/math/pgfmathfunctions.random.cod
e.tex)
(/usr/share/texlive/texmf-dist/tex/generic/pgf/math/pgfmathfunctions.comparison
.code.tex)
(/usr/share/texlive/texmf-dist/tex/generic/pgf/math/pgfmathfunctions.base.code.
tex)
(/usr/share/texlive/texmf-dist/tex/generic/pgf/math/pgfmathfunctions.round.code
.tex)
(/usr/share/texlive/texmf-dist/tex/generic/pgf/math/pgfmathfunctions.misc.code.
tex)
(/usr/share/texlive/texmf-dist/tex/generic/pgf/math/pgfmathfunctions.integerari
thmetics.code.tex)
(/usr/share/texlive/texmf-dist/tex/generic/pgf/math/pgfmathcalc.code.tex)
(/usr/share/texlive/texmf-dist/tex/generic/pgf/math/pgfmathfloat.code.tex))
(/usr/share/texlive/texmf-dist/tex/generic/pgf/math/pgfint.code.tex)
(/usr/share/texlive/texmf-dist/tex/generic/pgf/basiclayer/pgfcorepoints.code.te
x)
(/usr/share/texlive/texmf-dist/tex/generic/pgf/basiclayer/pgfcorepathconstruct.
code.tex)
(/usr/share/texlive/texmf-dist/tex/generic/pgf/basiclayer/pgfcorepathusage.code
.tex)
(/usr/share/texlive/texmf-dist/tex/generic/pgf/basiclayer/pgfcorescopes.code.te
x)
(/usr/share/texlive/texmf-dist/tex/generic/pgf/basiclayer/pgfcoregraphicstate.c
ode.tex)
(/usr/share/texlive/texmf-dist/tex/generic/pgf/basiclayer/pgfcoretransformation
s.code.tex)
(/usr/share/texlive/texmf-dist/tex/generic/pgf/basiclayer/pgfcorequick.code.tex
)
(/usr/share/texlive/texmf-dist/tex/generic/pgf/basiclayer/pgfcoreobjects.code.t
ex)
(/usr/share/texlive/texmf-dist/tex/generic/pgf/basiclayer/pgfcorepathprocessing
.code.tex)
(/usr/share/texlive/texmf-dist/tex/generic/pgf/basiclayer/pgfcorearrows.code.te
x)
(/usr/share/texlive/texmf-dist/tex/generic/pgf/basiclayer/pgfcoreshade.code.tex
)
(/usr/share/texlive/texmf-dist/tex/generic/pgf/basiclayer/pgfcoreimage.code.tex
)
(/usr/share/texlive/texmf-dist/tex/generic/pgf/basiclayer/pgfcoreexternal.code.
tex)
(/usr/share/texlive/texmf-dist/tex/generic/pgf/basiclayer/pgfcorelayers.code.te
x)
(/usr/share/texlive/texmf-dist/tex/generic/pgf/basiclayer/pgfcoretransparency.c
ode.tex)
(/usr/share/texlive/texmf-dist/tex/generic/pgf/basiclayer/pgfcorepatterns.code.
tex)
(/usr/share/texlive/texmf-dist/tex/generic/pgf/basiclayer/pgfcorerdf.code.tex))
)
(/usr/share/texlive/texmf-dist/tex/generic/pgf/modules/pgfmoduleshapes.code.tex
) (/usr/share/texlive/texmf-dist/tex/generic/pgf/modules/pgfmoduleplot.code.tex
)
(/usr/share/texlive/texmf-dist/tex/latex/pgf/compatibility/pgfcomp-version-0-65
.sty)
(/usr/share/texlive/texmf-dist/tex/latex/pgf/compatibility/pgfcomp-version-1-18
.sty)) (/usr/share/texlive/texmf-dist/tex/latex/pgf/utilities/pgffor.sty
(/usr/share/texlive/texmf-dist/tex/latex/pgf/utilities/pgfkeys.sty
(/usr/share/texlive/texmf-dist/tex/generic/pgf/utilities/pgfkeys.code.tex))
(/usr/share/texlive/texmf-dist/tex/latex/pgf/math/pgfmath.sty
(/usr/share/texlive/texmf-dist/tex/generic/pgf/math/pgfmath.code.tex))
(/usr/share/texlive/texmf-dist/tex/generic/pgf/utilities/pgffor.code.tex))
(/usr/share/texlive/texmf-dist/tex/generic/pgf/frontendlayer/tikz/tikz.code.tex

(/usr/share/texlive/texmf-dist/tex/generic/pgf/libraries/pgflibraryplothandlers
.code.tex)
(/usr/share/texlive/texmf-dist/tex/generic/pgf/modules/pgfmodulematrix.code.tex
)
(/usr/share/texlive/texmf-dist/tex/generic/pgf/frontendlayer/tikz/libraries/tik
zlibrarytopaths.code.tex)))
(/usr/share/texlive/texmf-dist/tex/generic/pgf/libraries/pgflibraryarrows.meta.
code.tex) (/usr/share/texlive/texmf-dist/tex/latex/hyperref/hyperref.sty
(/usr/share/texlive/texmf-dist/tex/latex/kvsetkeys/kvsetkeys.sty)
(/usr/share/texlive/texmf-dist/tex/generic/kvdefinekeys/kvdefinekeys.sty)
(/usr/share/texlive/texmf-dist/tex/generic/pdfescape/pdfescape.sty
(/usr/share/texlive/texmf-dist/tex/generic/ltxcmds/ltxcmds.sty)
(/usr/share/texlive/texmf-dist/tex/generic/pdftexcmds/pdftexcmds.sty
(/usr/share/texlive/texmf-dist/tex/generic/infwarerr/infwarerr.sty)))
(/usr/share/texlive/texmf-dist/tex/latex/hycolor/hycolor.sty)
(/usr/share/texlive/texmf-dist/tex/latex/auxhook/auxhook.sty)
(/usr/share/texlive/texmf-dist/tex/latex/hyperref/nameref.sty
(/usr/share/texlive/texmf-dist/tex/latex/refcount/refcount.sty)
(/usr/share/texlive/texmf-dist/tex/generic/gettitlestring/gettitlestring.sty
(/usr/share/texlive/texmf-dist/tex/latex/kvoptions/kvoptions.sty)))
(/usr/share/texlive/texmf-dist/tex/latex/hyperref/pd1enc.def)
(/usr/share/texlive/texmf-dist/tex/generic/intcalc/intcalc.sty)
(/usr/share/texlive/texmf-dist/tex/latex/hyperref/puenc.def)
(/usr/share/texlive/texmf-dist/tex/latex/url/url.sty)
(/usr/share/texlive/texmf-dist/tex/generic/bitset/bitset.sty
(/usr/share/texlive/texmf-dist/tex/generic/bigintcalc/bigintcalc.sty))
(/usr/share/texlive/texmf-dist/tex/latex/base/atbegshi-ltx.sty))
(/usr/share/texlive/texmf-dist/tex/latex/hyperref/hpdftex.def
(/usr/share/texlive/texmf-dist/tex/latex/base/atveryend-ltx.sty)
(/usr/share/texlive/texmf-dist/tex/latex/rerunfilecheck/rerunfilecheck.sty
(/usr/share/texlive/texmf-dist/tex/generic/uniquecounter/uniquecounter.sty)))
(/usr/share/texlive/texmf-dist/tex/latex/enumitem/enumitem.sty) (./figs.tex)
(/usr/share/texlive/texmf-dist/tex/latex/l3backend/l3backend-pdftex.def)
(./main.aux)
*geometry* driver: auto-detecting
*geometry* detected driver: pdftex
(/usr/share/texlive/texmf-dist/tex/latex/microtype/mt-cmr.cfg)
(/usr/share/texlive/texmf-dist/tex/context/base/mkii/supp-pdf.mkii
[Loading MPS to PDF converter (version 2006.09.02).]
) (/usr/share/texlive/texmf-dist/tex/latex/epstopdf-pkg/epstopdf-base.sty
(/usr/share/texlive/texmf-dist/tex/latex/latexconfig/epstopdf-sys.cfg))
(/usr/share/texlive/texmf-dist/tex/latex/amsfonts/umsa.fd)
(/usr/share/texlive/texmf-dist/tex/latex/microtype/mt-msa.cfg)
(/usr/share/texlive/texmf-dist/tex/latex/amsfonts/umsb.fd)
(/usr/share/texlive/texmf-dist/tex/latex/microtype/mt-msb.cfg)

LaTeX Warning: Citation `cirulli2014' on page 1 undefined on input line 87.


LaTeX Warning: Citation `menghrajani2014' on page 1 undefined on input line 94.


[1{/var/lib/texmf/fonts/map/pdftex/updmap/pdftex.map}]

LaTeX Warning: Citation `rodgers2014' on page 2 undefined on input line 120.


LaTeX Warning: Citation `leesmiller2017c' on page 2 undefined on input line 120
.


LaTeX Warning: Citation `daspaul2018' on page 2 undefined on input line 121.


LaTeX Warning: Reference `sec:recent' on page 2 undefined on input line 122.


LaTeX Warning: Reference `sec:certificate' on page 2 undefined on input line 12
5.


LaTeX Warning: Reference `sec:lean' on page 2 undefined on input line 128.


LaTeX Warning: Reference `thm:leanexact' on page 2 undefined on input line 133.



LaTeX Warning: Reference `sec:lean' on page 2 undefined on input line 138.


LaTeX Warning: Reference `thm:moves' on page 2 undefined on input line 139.


LaTeX Warning: Reference `tab:exact' on page 2 undefined on input line 142.


LaTeX Warning: Reference `lem:primed' on page 2 undefined on input line 142.


LaTeX Warning: Reference `thm:score' on page 2 undefined on input line 144.


LaTeX Warning: Reference `thm:longest' on page 2 undefined on input line 148.


LaTeX Warning: Reference `prop:lastmove' on page 2 undefined on input line 150.



LaTeX Warning: Reference `thm:eight' on page 2 undefined on input line 152.


LaTeX Warning: Reference `sec:exact' on page 2 undefined on input line 155.


LaTeX Warning: Reference `sec:algorithm' on page 2 undefined on input line 159.



LaTeX Warning: Reference `thm:lines' on page 2 undefined on input line 161.


LaTeX Warning: Reference `sec:deductions' on page 2 undefined on input line 165
.

[2]

LaTeX Warning: Reference `sec:undo' on page 3 undefined on input line 169.


LaTeX Warning: Reference `sec:honest' on page 3 undefined on input line 171.


LaTeX Warning: Citation `langerman2016' on page 3 undefined on input line 180.


LaTeX Warning: Citation `abdelkader2016' on page 3 undefined on input line 182.



LaTeX Warning: Citation `mehta2014' on page 3 undefined on input line 183.


LaTeX Warning: Citation `eppstein2018' on page 3 undefined on input line 185.


LaTeX Warning: Reference `thm:score' on page 3 undefined on input line 192.


LaTeX Warning: Citation `szubert2014' on page 3 undefined on input line 196.


LaTeX Warning: Citation `wu2014' on page 3 undefined on input line 198.


LaTeX Warning: Citation `jaskowski2018' on page 3 undefined on input line 199.


LaTeX Warning: Citation `oka2016' on page 3 undefined on input line 201.


LaTeX Warning: Citation `matsuzaki2016' on page 3 undefined on input line 201.


LaTeX Warning: Citation `matsuzaki2017' on page 3 undefined on input line 201.


LaTeX Warning: Citation `matsuzaki2019' on page 3 undefined on input line 201.


LaTeX Warning: Citation `guei2020' on page 3 undefined on input line 202.


LaTeX Warning: Citation `guei2021' on page 3 undefined on input line 202.


LaTeX Warning: Citation `slizkov2023' on page 3 undefined on input line 204.


LaTeX Warning: Citation `leesmiller2017' on page 3 undefined on input line 208.



LaTeX Warning: Citation `leesmiller2017b' on page 3 undefined on input line 208
.


LaTeX Warning: Citation `leesmiller2018' on page 3 undefined on input line 208.



LaTeX Warning: Citation `yamashita2022' on page 3 undefined on input line 212.


LaTeX Warning: Citation `kaneko2026' on page 3 undefined on input line 213.


LaTeX Warning: Reference `sec:exact' on page 3 undefined on input line 219.


LaTeX Warning: Citation `daspaul2018' on page 3 undefined on input line 221.


LaTeX Warning: Citation `rodgers2014' on page 3 undefined on input line 226.


LaTeX Warning: Citation `kohler2019' on page 3 undefined on input line 229.


LaTeX Warning: Reference `thm:moves' on page 3 undefined on input line 231.


LaTeX Warning: Reference `thm:score' on page 3 undefined on input line 231.


LaTeX Warning: Reference `thm:longest' on page 3 undefined on input line 232.


LaTeX Warning: Reference `prop:lastmove' on page 3 undefined on input line 232.



LaTeX Warning: Reference `sec:recent' on page 3 undefined on input line 233.


LaTeX Warning: Citation `saligram2025' on page 3 undefined on input line 237.


LaTeX Warning: Citation `bai2025' on page 3 undefined on input line 241.


LaTeX Warning: Citation `probabilitysports' on page 3 undefined on input line 2
46.


LaTeX Warning: Reference `tab:honest' on page 3 undefined on input line 248.

[3]

LaTeX Warning: Citation `ripa2014' on page 4 undefined on input line 253.


LaTeX Warning: Citation `ripaoeis2014' on page 4 undefined on input line 253.


LaTeX Warning: Citation `amo2014' on page 4 undefined on input line 256.


LaTeX Warning: Reference `sec:deductions' on page 4 undefined on input line 265
.

[4]

LaTeX Warning: Reference `lem:mass' on page 5 undefined on input line 368.


LaTeX Warning: Citation `leesmiller2017' on page 5 undefined on input line 379.



LaTeX Warning: Reference `sec:algorithm' on page 5 undefined on input line 381.



LaTeX Warning: Reference `tab:exact' on page 5 undefined on input line 381.


LaTeX Warning: Reference `sec:lean' on page 5 undefined on input line 388.

[5]

LaTeX Warning: Reference `thm:moves' on page 6 undefined on input line 401.


LaTeX Warning: Reference `fig:lastmove' on page 6 undefined on input line 431.


LaTeX Warning: Reference `sec:algorithm' on page 6 undefined on input line 435.



LaTeX Warning: Reference `lem:mass' on page 6 undefined on input line 450.


LaTeX Warning: Reference `sec:algorithm' on page 6 undefined on input line 452.


[6]

LaTeX Warning: Citation `ershov1958' on page 7 undefined on input line 465.


LaTeX Warning: Citation `sethi1970' on page 7 undefined on input line 466.


LaTeX Warning: Citation `flajolet1979' on page 7 undefined on input line 467.


LaTeX Warning: Citation `paterson1970' on page 7 undefined on input line 468.


LaTeX Warning: Reference `lem:strahler' on page 7 undefined on input line 531.


LaTeX Warning: Reference `lem:tight' on page 7 undefined on input line 535.

[7]

LaTeX Warning: Reference `lem:score' on page 8 undefined on input line 543.


LaTeX Warning: Reference `eq:rank' on page 8 undefined on input line 547.


LaTeX Warning: Reference `eq:rank' on page 8 undefined on input line 578.


LaTeX Warning: Reference `lem:strahler' on page 8 undefined on input line 589.


LaTeX Warning: Reference `lem:tight' on page 8 undefined on input line 590.


LaTeX Warning: Citation `daspaul2018' on page 8 undefined on input line 595.

[8]

LaTeX Warning: Reference `eq:rank' on page 9 undefined on input line 612.


LaTeX Warning: Reference `eq:rank' on page 9 undefined on input line 615.


LaTeX Warning: Reference `lem:mass' on page 9 undefined on input line 615.


LaTeX Warning: Reference `lem:mass' on page 9 undefined on input line 629.


LaTeX Warning: Reference `thm:score' on page 9 undefined on input line 630.


LaTeX Warning: Reference `eq:rank' on page 9 undefined on input line 631.


LaTeX Warning: Reference `lem:score' on page 9 undefined on input line 640.


LaTeX Warning: Reference `conj' on page 9 undefined on input line 645.

[9]

LaTeX Warning: Reference `prop:lastmove' on page 10 undefined on input line 683
.


LaTeX Warning: Reference `tab:exact' on page 10 undefined on input line 684.


LaTeX Warning: Reference `fig:lastmove' on page 10 undefined on input line 689.



LaTeX Warning: Reference `sec:eight' on page 10 undefined on input line 692.


LaTeX Warning: Reference `lem:primed' on page 10 undefined on input line 703.


LaTeX Warning: Reference `lem:primed' on page 10 undefined on input line 703.


LaTeX Warning: Citation `kaneko2026' on page 10 undefined on input line 712.


LaTeX Warning: Reference `lem:score' on page 10 undefined on input line 716.


LaTeX Warning: Reference `lem:mass' on page 10 undefined on input line 718.


LaTeX Warning: Reference `cor:chain' on page 10 undefined on input line 746.


LaTeX Warning: Reference `thm:longest' on page 10 undefined on input line 746.


LaTeX Warning: Reference `thm:score' on page 10 undefined on input line 746.


LaTeX Warning: Citation `yamashita2022' on page 10 undefined on input line 746.



LaTeX Warning: Citation `kaneko2026' on page 10 undefined on input line 746.


LaTeX Warning: Reference `cor:chain' on page 10 undefined on input line 746.


LaTeX Warning: Reference `thm:longest' on page 10 undefined on input line 746.


LaTeX Warning: Reference `thm:score' on page 10 undefined on input line 746.


LaTeX Warning: Citation `yamashita2022' on page 10 undefined on input line 746.



LaTeX Warning: Citation `kaneko2026' on page 10 undefined on input line 746.


LaTeX Warning: Reference `tab:exact' on page 10 undefined on input line 750.


LaTeX Warning: Reference `thm:longest' on page 10 undefined on input line 754.


LaTeX Warning: Reference `thm:moves' on page 10 undefined on input line 755.


LaTeX Warning: Reference `tab:honest' on page 10 undefined on input line 765.


LaTeX Warning: Citation `probabilitysports' on page 10 undefined on input line 
786.


LaTeX Warning: Citation `probabilitysports' on page 10 undefined on input line 
786.

[10]

LaTeX Warning: Citation `leesmiller2017b' on page 11 undefined on input line 79
3.


LaTeX Warning: Reference `sec:algorithm' on page 11 undefined on input line 795
.


LaTeX Warning: Reference `thm:score' on page 11 undefined on input line 820.

[11]

LaTeX Warning: Reference `thm:longest' on page 12 undefined on input line 827.


LaTeX Warning: Reference `lem:strahler' on page 12 undefined on input line 834.



LaTeX Warning: Reference `thm:score' on page 12 undefined on input line 839.


LaTeX Warning: Reference `lem:mass' on page 12 undefined on input line 857.


LaTeX Warning: Reference `lem:primed' on page 12 undefined on input line 859.


LaTeX Warning: Reference `lem:mass' on page 12 undefined on input line 871.


LaTeX Warning: Reference `lem:score' on page 12 undefined on input line 871.


LaTeX Warning: Reference `fig:eight' on page 12 undefined on input line 883.


LaTeX Warning: Reference `fig:spiral' on page 12 undefined on input line 884.

[12]

LaTeX Warning: Reference `lem:primed' on page 13 undefined on input line 920.


LaTeX Warning: Reference `lem:strahler' on page 13 undefined on input line 935.



LaTeX Warning: Reference `prop:lastmove' on page 13 undefined on input line 942
.


LaTeX Warning: Reference `lem:mass' on page 13 undefined on input line 955.


LaTeX Warning: Reference `lem:score' on page 13 undefined on input line 956.

[13]

LaTeX Warning: Reference `prop:cert' on page 14 undefined on input line 960.


LaTeX Warning: Reference `thm:eight' on page 14 undefined on input line 961.


LaTeX Warning: Reference `thm:moves' on page 14 undefined on input line 964.


LaTeX Warning: Reference `lem:primed' on page 14 undefined on input line 965.


LaTeX Warning: Reference `cor:chain' on page 14 undefined on input line 967.


LaTeX Warning: Reference `cor:4x4' on page 14 undefined on input line 970.


LaTeX Warning: Reference `thm:longest' on page 14 undefined on input line 971.


LaTeX Warning: Reference `prop:cert' on page 14 undefined on input line 986.

(./lean.tex

LaTeX Warning: Reference `sec:certificate' on page 14 undefined on input line 3
.


LaTeX Warning: Citation `demoura2021lean4' on page 14 undefined on input line 5
.

[14]

LaTeX Warning: Reference `eq:leanheavy' on page 15 undefined on input line 70.

[15]

LaTeX Warning: Reference `thm:leanexact' on page 16 undefined on input line 109
.


LaTeX Warning: Citation `lean2048artifact2026' on page 16 undefined on input li
ne 116.


LaTeX Warning: Citation `leanvalidation2026' on page 16 undefined on input line
 146.

[16])

LaTeX Warning: Reference `sec:undo' on page 17 undefined on input line 1027.


LaTeX Warning: Reference `thm:eight' on page 17 undefined on input line 1028.


LaTeX Warning: Reference `cor:top' on page 17 undefined on input line 1044.


LaTeX Warning: Reference `thm:eight' on page 17 undefined on input line 1044.


LaTeX Warning: Reference `cor:top' on page 17 undefined on input line 1044.


LaTeX Warning: Reference `thm:eight' on page 17 undefined on input line 1044.

[17]

LaTeX Warning: Reference `prop:lastmove' on page 18 undefined on input line 109
0.


LaTeX Warning: Reference `lem:equiv' on page 18 undefined on input line 1100.


LaTeX Warning: Reference `thm:lines' on page 18 undefined on input line 1101.


LaTeX Warning: Citation `nneonneo2014' on page 18 undefined on input line 1122.



LaTeX Warning: Citation `richardson2014' on page 18 undefined on input line 112
3.


LaTeX Warning: Reference `sec:open' on page 18 undefined on input line 1135.


LaTeX Warning: Reference `prop:lastmove' on page 18 undefined on input line 113
5.

[18]

LaTeX Warning: Reference `thm:eight' on page 19 undefined on input line 1147.

[19]

LaTeX Warning: Reference `lem:equiv' on page 20 undefined on input line 1192.


LaTeX Warning: Citation `nneonneo2014' on page 20 undefined on input line 1197.



LaTeX Warning: Citation `richardson2014' on page 20 undefined on input line 120
1.

(./deductions.tex [20]

LaTeX Warning: Reference `lem:equiv' on page 21 undefined on input line 51.

[21]

LaTeX Warning: Reference `eq:barrierfours' on page 22 undefined on input line 1
24.


LaTeX Warning: Reference `eq:barrierfours' on page 22 undefined on input line 1
52.

[22]

LaTeX Warning: Reference `eq:forcedround' on page 23 undefined on input line 16
0.


LaTeX Warning: Reference `conj' on page 23 undefined on input line 166.


LaTeX Warning: Reference `eq:tileprob' on page 23 undefined on input line 206.


LaTeX Warning: Reference `eq:chainprob' on page 23 undefined on input line 207.



LaTeX Warning: Reference `eq:tileprob' on page 23 undefined on input line 209.

[23]

LaTeX Warning: Citation `ripa2014' on page 24 undefined on input line 231.


LaTeX Warning: Citation `ripaoeis2014' on page 24 undefined on input line 231.


LaTeX Warning: Reference `tab:honest' on page 24 undefined on input line 277.

[24])

LaTeX Warning: Citation `kaneko2026' on page 25 undefined on input line 1231.


LaTeX Warning: Citation `leesmiller2017c' on page 25 undefined on input line 12
36.


LaTeX Warning: Citation `leesmiller2017b' on page 25 undefined on input line 12
38.


LaTeX Warning: Reference `sec:exact' on page 25 undefined on input line 1242.


LaTeX Warning: Reference `tab:status' on page 25 undefined on input line 1245.


LaTeX Warning: Reference `sec:massbellman' on page 25 undefined on input line 1
253.


LaTeX Warning: Citation `kaneko2026' on page 25 undefined on input line 1253.


LaTeX Warning: Reference `tab:honest' on page 25 undefined on input line 1253.


LaTeX Warning: Citation `slizkov2023' on page 25 undefined on input line 1254.


LaTeX Warning: Citation `slizkov2023' on page 25 undefined on input line 1255.


LaTeX Warning: Citation `daspaul2018' on page 25 undefined on input line 1256.


LaTeX Warning: Reference `cor:toptile' on page 25 undefined on input line 1256.



LaTeX Warning: Reference `sec:certificate' on page 25 undefined on input line 1
256.


LaTeX Warning: Citation `daspaul2018' on page 25 undefined on input line 1256.


LaTeX Warning: Citation `leesmiller2017' on page 25 undefined on input line 125
7.


LaTeX Warning: Reference `thm:moves' on page 25 undefined on input line 1257.


LaTeX Warning: Reference `thm:leanexact' on page 25 undefined on input line 125
8.


LaTeX Warning: Reference `lem:primed' on page 25 undefined on input line 1258.


LaTeX Warning: Reference `thm:leanexact' on page 25 undefined on input line 125
9.


LaTeX Warning: Reference `thm:score' on page 25 undefined on input line 1260.


LaTeX Warning: Reference `thm:lines' on page 25 undefined on input line 1260.


LaTeX Warning: Reference `thm:longest' on page 25 undefined on input line 1261.



LaTeX Warning: Reference `thm:lines' on page 25 undefined on input line 1261.


LaTeX Warning: Reference `cor:chain' on page 25 undefined on input line 1262.


LaTeX Warning: Reference `thm:arrangements' on page 25 undefined on input line 
1262.


LaTeX Warning: Reference `prop:lastmove' on page 25 undefined on input line 126
2.


LaTeX Warning: Reference `prop:cert' on page 25 undefined on input line 1263.


LaTeX Warning: Reference `thm:massprob' on page 25 undefined on input line 1263
.


LaTeX Warning: Citation `leesmiller2017b' on page 25 undefined on input line 12
64.


LaTeX Warning: Reference `cor:toptile' on page 25 undefined on input line 1272.



LaTeX Warning: Citation `rodgers2014' on page 25 undefined on input line 1274.


LaTeX Warning: Citation `leesmiller2017c' on page 25 undefined on input line 12
75.


LaTeX Warning: Citation `daspaul2018' on page 25 undefined on input line 1277.


LaTeX Warning: Reference `tab:exact' on page 25 undefined on input line 1286.


LaTeX Warning: Reference `sec:certificate' on page 25 undefined on input line 1
288.


LaTeX Warning: Reference `sec:lean' on page 25 undefined on input line 1289.

[25]

LaTeX Warning: Reference `tab:status' on page 26 undefined on input line 1327.

[26]

LaTeX Warning: Reference `conj' on page 27 undefined on input line 1331.


LaTeX Warning: Reference `thm:moves' on page 27 undefined on input line 1341.


LaTeX Warning: Reference `thm:score' on page 27 undefined on input line 1341.


LaTeX Warning: Reference `thm:longest' on page 27 undefined on input line 1342.



LaTeX Warning: Reference `thm:arrangements' on page 27 undefined on input line 
1347.


LaTeX Warning: Reference `lem:primed' on page 27 undefined on input line 1351.


LaTeX Warning: Reference `sec:lean' on page 27 undefined on input line 1367.


LaTeX Warning: Citation `superintelligence2026' on page 27 undefined on input l
ine 1383.


LaTeX Warning: Reference `tab:exact' on page 27 undefined on input line 1384.


LaTeX Warning: Reference `tab:honest' on page 27 undefined on input line 1385.


LaTeX Warning: Reference `lem:primed' on page 27 undefined on input line 1395.


LaTeX Warning: Reference `prop:lastmove' on page 27 undefined on input line 139
5.


LaTeX Warning: Reference `thm:eight' on page 27 undefined on input line 1396.


Underfull \hbox (badness 1048) in paragraph at lines 1383--1401
 []\OT1/cmr/bx/n/10.95 (+20) Executable wit-nesses and ex-per-i-ments.[] \OT1/c
mr/m/n/10.95 (+20) All code is in the repos-i-tory [[]]. \OT1/cmtt/m/n/10.95 no
de

Underfull \hbox (badness 1748) in paragraph at lines 1383--1401
\OT1/cmtt/m/n/10.95 ORIENT=col\OT1/cmr/m/n/10.95 (+20) ); \OT1/cmtt/m/n/10.95 p
ython3 verify/verify2048.py witness/131072.txt \OT1/cmr/m/n/10.95 (+20) checks 
a wit-ness in-

Underfull \hbox (badness 4713) in paragraph at lines 1383--1401
\OT1/cmr/m/n/10.95 (+20) de-pen-dently of ev-ery-thing else in the repos-i-tory
, and \OT1/cmtt/m/n/10.95 node test/replay[]engine.js
[27]
No file main.bbl.
[28] (./main.aux)

LaTeX Warning: There were undefined references.


LaTeX Warning: Label(s) may have changed. Rerun to get cross-references right.


Package rerunfilecheck Warning: File `main.out' has changed.
(rerunfilecheck)                Rerun to get outlines right
(rerunfilecheck)                or use package `bookmark'.

 )
(see the transcript file for additional information) </home/runner/.texlive2023
/texmf-var/fonts/pk/ljfour/jknappen/ec/tcrm1095.600pk></usr/share/texlive/texmf
-dist/fonts/type1/public/amsfonts/cm/cmbx10.pfb></usr/share/texlive/texmf-dist/
fonts/type1/public/amsfonts/cm/cmbx12.pfb></usr/share/texlive/texmf-dist/fonts/
type1/public/amsfonts/cm/cmbx6.pfb></usr/share/texlive/texmf-dist/fonts/type1/p
ublic/amsfonts/cm/cmbx8.pfb></usr/share/texlive/texmf-dist/fonts/type1/public/a
msfonts/cm/cmbx9.pfb></usr/share/texlive/texmf-dist/fonts/type1/public/amsfonts
/cm/cmcsc10.pfb></usr/share/texlive/texmf-dist/fonts/type1/public/amsfonts/cm/c
mex10.pfb></usr/share/texlive/texmf-dist/fonts/type1/public/amsfonts/cm/cmmi10.
pfb></usr/share/texlive/texmf-dist/fonts/type1/public/amsfonts/cm/cmmi6.pfb></u
sr/share/texlive/texmf-dist/fonts/type1/public/amsfonts/cm/cmmi7.pfb></usr/shar
e/texlive/texmf-dist/fonts/type1/public/amsfonts/cm/cmmi8.pfb></usr/share/texli
ve/texmf-dist/fonts/type1/public/amsfonts/cm/cmmi9.pfb></usr/share/texlive/texm
f-dist/fonts/type1/public/amsfonts/cm/cmr10.pfb></usr/share/texlive/texmf-dist/
fonts/type1/public/amsfonts/cm/cmr12.pfb></usr/share/texlive/texmf-dist/fonts/t
ype1/public/amsfonts/cm/cmr17.pfb></usr/share/texlive/texmf-dist/fonts/type1/pu
blic/amsfonts/cm/cmr6.pfb></usr/share/texlive/texmf-dist/fonts/type1/public/ams
fonts/cm/cmr7.pfb></usr/share/texlive/texmf-dist/fonts/type1/public/amsfonts/cm
/cmr8.pfb></usr/share/texlive/texmf-dist/fonts/type1/public/amsfonts/cm/cmr9.pf
b></usr/share/texlive/texmf-dist/fonts/type1/public/amsfonts/cm/cmsy10.pfb></us
r/share/texlive/texmf-dist/fonts/type1/public/amsfonts/cm/cmsy6.pfb></usr/share
/texlive/texmf-dist/fonts/type1/public/amsfonts/cm/cmsy8.pfb></usr/share/texliv
e/texmf-dist/fonts/type1/public/amsfonts/cm/cmsy9.pfb></usr/share/texlive/texmf
-dist/fonts/type1/public/amsfonts/cm/cmti10.pfb></usr/share/texlive/texmf-dist/
fonts/type1/public/amsfonts/cm/cmtt10.pfb></usr/share/texlive/texmf-dist/fonts/
type1/public/amsfonts/cm/cmtt9.pfb></usr/share/texlive/texmf-dist/fonts/type1/p
ublic/amsfonts/symbols/msbm10.pfb>
Output written on main.pdf (28 pages, 481862 bytes).
Transcript written on main.log.
Latexmk: Getting log file 'main.log'
Latexmk: Examining 'main.fls'
Latexmk: Examining 'main.log'
Latexmk: References changed.
Latexmk: References changed.
Latexmk: Log file says output to 'main.pdf'
Latexmk: Found bibliography file(s):
  ./refs.bib
Latexmk: applying rule 'bibtex main'...
Rule 'bibtex main':  Reasons for rerun
Category 'other':
  Rerun of 'bibtex main' forced or previously required:
    Reason or flag: 'Initial set up of rule'

------------
Run number 1 of rule 'bibtex main'
------------
------------
Running 'bibtex  "main.aux"'
------------
This is BibTeX, Version 0.99d (TeX Live 2023/Debian)
The top-level auxiliary file: main.aux
The style file: plain.bst
Database file #1: refs.bib
Latexmk: applying rule 'pdflatex'...
Rule 'pdflatex':  Reasons for rerun
Changed files or newly in use/created:
  main.aux
  main.bbl
  main.out

------------
Run number 2 of rule 'pdflatex'
------------
------------
Running 'pdflatex  -interaction=nonstopmode -halt-on-error -file-line-error -recorder  "main.tex"'
------------
This is pdfTeX, Version 3.141592653-2.6-1.40.25 (TeX Live 2023/Debian) (preloaded format=pdflatex)
 restricted \write18 enabled.
entering extended mode
(./main.tex
LaTeX2e <2023-11-01> patch level 1
L3 programming layer <2024-01-22>
(/usr/share/texlive/texmf-dist/tex/latex/base/article.cls
Document Class: article 2023/05/17 v1.4n Standard LaTeX document class
(/usr/share/texlive/texmf-dist/tex/latex/base/size11.clo))
(/usr/share/texlive/texmf-dist/tex/latex/geometry/geometry.sty
(/usr/share/texlive/texmf-dist/tex/latex/graphics/keyval.sty)
(/usr/share/texlive/texmf-dist/tex/generic/iftex/ifvtex.sty
(/usr/share/texlive/texmf-dist/tex/generic/iftex/iftex.sty)))
(/usr/share/texlive/texmf-dist/tex/latex/amsmath/amsmath.sty
For additional information on amsmath, use the `?' option.
(/usr/share/texlive/texmf-dist/tex/latex/amsmath/amstext.sty
(/usr/share/texlive/texmf-dist/tex/latex/amsmath/amsgen.sty))
(/usr/share/texlive/texmf-dist/tex/latex/amsmath/amsbsy.sty)
(/usr/share/texlive/texmf-dist/tex/latex/amsmath/amsopn.sty))
(/usr/share/texlive/texmf-dist/tex/latex/amsfonts/amssymb.sty
(/usr/share/texlive/texmf-dist/tex/latex/amsfonts/amsfonts.sty))
(/usr/share/texlive/texmf-dist/tex/latex/amscls/amsthm.sty)
(/usr/share/texlive/texmf-dist/tex/latex/booktabs/booktabs.sty)
(/usr/share/texlive/texmf-dist/tex/latex/tools/array.sty)
(/usr/share/texlive/texmf-dist/tex/latex/microtype/microtype.sty
(/usr/share/texlive/texmf-dist/tex/latex/etoolbox/etoolbox.sty)
(/usr/share/texlive/texmf-dist/tex/latex/microtype/microtype-pdftex.def)
(/usr/share/texlive/texmf-dist/tex/latex/microtype/microtype.cfg))
(/usr/share/texlive/texmf-dist/tex/latex/xcolor/xcolor.sty
(/usr/share/texlive/texmf-dist/tex/latex/graphics-cfg/color.cfg)
(/usr/share/texlive/texmf-dist/tex/latex/graphics-def/pdftex.def)
(/usr/share/texlive/texmf-dist/tex/latex/graphics/mathcolor.ltx))
(/usr/share/texlive/texmf-dist/tex/latex/pgf/frontendlayer/tikz.sty
(/usr/share/texlive/texmf-dist/tex/latex/pgf/basiclayer/pgf.sty
(/usr/share/texlive/texmf-dist/tex/latex/pgf/utilities/pgfrcs.sty
(/usr/share/texlive/texmf-dist/tex/generic/pgf/utilities/pgfutil-common.tex)
(/usr/share/texlive/texmf-dist/tex/generic/pgf/utilities/pgfutil-latex.def)
(/usr/share/texlive/texmf-dist/tex/generic/pgf/utilities/pgfrcs.code.tex
(/usr/share/texlive/texmf-dist/tex/generic/pgf/pgf.revision.tex)))
(/usr/share/texlive/texmf-dist/tex/latex/pgf/basiclayer/pgfcore.sty
(/usr/share/texlive/texmf-dist/tex/latex/graphics/graphicx.sty
(/usr/share/texlive/texmf-dist/tex/latex/graphics/graphics.sty
(/usr/share/texlive/texmf-dist/tex/latex/graphics/trig.sty)
(/usr/share/texlive/texmf-dist/tex/latex/graphics-cfg/graphics.cfg)))
(/usr/share/texlive/texmf-dist/tex/latex/pgf/systemlayer/pgfsys.sty
(/usr/share/texlive/texmf-dist/tex/generic/pgf/systemlayer/pgfsys.code.tex
(/usr/share/texlive/texmf-dist/tex/generic/pgf/utilities/pgfkeys.code.tex
(/usr/share/texlive/texmf-dist/tex/generic/pgf/utilities/pgfkeyslibraryfiltered
.code.tex)) (/usr/share/texlive/texmf-dist/tex/generic/pgf/systemlayer/pgf.cfg)
(/usr/share/texlive/texmf-dist/tex/generic/pgf/systemlayer/pgfsys-pdftex.def
(/usr/share/texlive/texmf-dist/tex/generic/pgf/systemlayer/pgfsys-common-pdf.de
f)))
(/usr/share/texlive/texmf-dist/tex/generic/pgf/systemlayer/pgfsyssoftpath.code.
tex)
(/usr/share/texlive/texmf-dist/tex/generic/pgf/systemlayer/pgfsysprotocol.code.
tex))
(/usr/share/texlive/texmf-dist/tex/generic/pgf/basiclayer/pgfcore.code.tex
(/usr/share/texlive/texmf-dist/tex/generic/pgf/math/pgfmath.code.tex
(/usr/share/texlive/texmf-dist/tex/generic/pgf/math/pgfmathutil.code.tex)
(/usr/share/texlive/texmf-dist/tex/generic/pgf/math/pgfmathparser.code.tex)
(/usr/share/texlive/texmf-dist/tex/generic/pgf/math/pgfmathfunctions.code.tex)
(/usr/share/texlive/texmf-dist/tex/generic/pgf/math/pgfmathfunctions.basic.code
.tex)
(/usr/share/texlive/texmf-dist/tex/generic/pgf/math/pgfmathfunctions.trigonomet
ric.code.tex)
(/usr/share/texlive/texmf-dist/tex/generic/pgf/math/pgfmathfunctions.random.cod
e.tex)
(/usr/share/texlive/texmf-dist/tex/generic/pgf/math/pgfmathfunctions.comparison
.code.tex)
(/usr/share/texlive/texmf-dist/tex/generic/pgf/math/pgfmathfunctions.base.code.
tex)
(/usr/share/texlive/texmf-dist/tex/generic/pgf/math/pgfmathfunctions.round.code
.tex)
(/usr/share/texlive/texmf-dist/tex/generic/pgf/math/pgfmathfunctions.misc.code.
tex)
(/usr/share/texlive/texmf-dist/tex/generic/pgf/math/pgfmathfunctions.integerari
thmetics.code.tex)
(/usr/share/texlive/texmf-dist/tex/generic/pgf/math/pgfmathcalc.code.tex)
(/usr/share/texlive/texmf-dist/tex/generic/pgf/math/pgfmathfloat.code.tex))
(/usr/share/texlive/texmf-dist/tex/generic/pgf/math/pgfint.code.tex)
(/usr/share/texlive/texmf-dist/tex/generic/pgf/basiclayer/pgfcorepoints.code.te
x)
(/usr/share/texlive/texmf-dist/tex/generic/pgf/basiclayer/pgfcorepathconstruct.
code.tex)
(/usr/share/texlive/texmf-dist/tex/generic/pgf/basiclayer/pgfcorepathusage.code
.tex)
(/usr/share/texlive/texmf-dist/tex/generic/pgf/basiclayer/pgfcorescopes.code.te
x)
(/usr/share/texlive/texmf-dist/tex/generic/pgf/basiclayer/pgfcoregraphicstate.c
ode.tex)
(/usr/share/texlive/texmf-dist/tex/generic/pgf/basiclayer/pgfcoretransformation
s.code.tex)
(/usr/share/texlive/texmf-dist/tex/generic/pgf/basiclayer/pgfcorequick.code.tex
)
(/usr/share/texlive/texmf-dist/tex/generic/pgf/basiclayer/pgfcoreobjects.code.t
ex)
(/usr/share/texlive/texmf-dist/tex/generic/pgf/basiclayer/pgfcorepathprocessing
.code.tex)
(/usr/share/texlive/texmf-dist/tex/generic/pgf/basiclayer/pgfcorearrows.code.te
x)
(/usr/share/texlive/texmf-dist/tex/generic/pgf/basiclayer/pgfcoreshade.code.tex
)
(/usr/share/texlive/texmf-dist/tex/generic/pgf/basiclayer/pgfcoreimage.code.tex
)
(/usr/share/texlive/texmf-dist/tex/generic/pgf/basiclayer/pgfcoreexternal.code.
tex)
(/usr/share/texlive/texmf-dist/tex/generic/pgf/basiclayer/pgfcorelayers.code.te
x)
(/usr/share/texlive/texmf-dist/tex/generic/pgf/basiclayer/pgfcoretransparency.c
ode.tex)
(/usr/share/texlive/texmf-dist/tex/generic/pgf/basiclayer/pgfcorepatterns.code.
tex)
(/usr/share/texlive/texmf-dist/tex/generic/pgf/basiclayer/pgfcorerdf.code.tex))
)
(/usr/share/texlive/texmf-dist/tex/generic/pgf/modules/pgfmoduleshapes.code.tex
) (/usr/share/texlive/texmf-dist/tex/generic/pgf/modules/pgfmoduleplot.code.tex
)
(/usr/share/texlive/texmf-dist/tex/latex/pgf/compatibility/pgfcomp-version-0-65
.sty)
(/usr/share/texlive/texmf-dist/tex/latex/pgf/compatibility/pgfcomp-version-1-18
.sty)) (/usr/share/texlive/texmf-dist/tex/latex/pgf/utilities/pgffor.sty
(/usr/share/texlive/texmf-dist/tex/latex/pgf/utilities/pgfkeys.sty
(/usr/share/texlive/texmf-dist/tex/generic/pgf/utilities/pgfkeys.code.tex))
(/usr/share/texlive/texmf-dist/tex/latex/pgf/math/pgfmath.sty
(/usr/share/texlive/texmf-dist/tex/generic/pgf/math/pgfmath.code.tex))
(/usr/share/texlive/texmf-dist/tex/generic/pgf/utilities/pgffor.code.tex))
(/usr/share/texlive/texmf-dist/tex/generic/pgf/frontendlayer/tikz/tikz.code.tex

(/usr/share/texlive/texmf-dist/tex/generic/pgf/libraries/pgflibraryplothandlers
.code.tex)
(/usr/share/texlive/texmf-dist/tex/generic/pgf/modules/pgfmodulematrix.code.tex
)
(/usr/share/texlive/texmf-dist/tex/generic/pgf/frontendlayer/tikz/libraries/tik
zlibrarytopaths.code.tex)))
(/usr/share/texlive/texmf-dist/tex/generic/pgf/libraries/pgflibraryarrows.meta.
code.tex) (/usr/share/texlive/texmf-dist/tex/latex/hyperref/hyperref.sty
(/usr/share/texlive/texmf-dist/tex/latex/kvsetkeys/kvsetkeys.sty)
(/usr/share/texlive/texmf-dist/tex/generic/kvdefinekeys/kvdefinekeys.sty)
(/usr/share/texlive/texmf-dist/tex/generic/pdfescape/pdfescape.sty
(/usr/share/texlive/texmf-dist/tex/generic/ltxcmds/ltxcmds.sty)
(/usr/share/texlive/texmf-dist/tex/generic/pdftexcmds/pdftexcmds.sty
(/usr/share/texlive/texmf-dist/tex/generic/infwarerr/infwarerr.sty)))
(/usr/share/texlive/texmf-dist/tex/latex/hycolor/hycolor.sty)
(/usr/share/texlive/texmf-dist/tex/latex/auxhook/auxhook.sty)
(/usr/share/texlive/texmf-dist/tex/latex/hyperref/nameref.sty
(/usr/share/texlive/texmf-dist/tex/latex/refcount/refcount.sty)
(/usr/share/texlive/texmf-dist/tex/generic/gettitlestring/gettitlestring.sty
(/usr/share/texlive/texmf-dist/tex/latex/kvoptions/kvoptions.sty)))
(/usr/share/texlive/texmf-dist/tex/latex/hyperref/pd1enc.def)
(/usr/share/texlive/texmf-dist/tex/generic/intcalc/intcalc.sty)
(/usr/share/texlive/texmf-dist/tex/latex/hyperref/puenc.def)
(/usr/share/texlive/texmf-dist/tex/latex/url/url.sty)
(/usr/share/texlive/texmf-dist/tex/generic/bitset/bitset.sty
(/usr/share/texlive/texmf-dist/tex/generic/bigintcalc/bigintcalc.sty))
(/usr/share/texlive/texmf-dist/tex/latex/base/atbegshi-ltx.sty))
(/usr/share/texlive/texmf-dist/tex/latex/hyperref/hpdftex.def
(/usr/share/texlive/texmf-dist/tex/latex/base/atveryend-ltx.sty)
(/usr/share/texlive/texmf-dist/tex/latex/rerunfilecheck/rerunfilecheck.sty
(/usr/share/texlive/texmf-dist/tex/generic/uniquecounter/uniquecounter.sty)))
(/usr/share/texlive/texmf-dist/tex/latex/enumitem/enumitem.sty) (./figs.tex)
(/usr/share/texlive/texmf-dist/tex/latex/l3backend/l3backend-pdftex.def)
(./main.aux)
*geometry* driver: auto-detecting
*geometry* detected driver: pdftex
(/usr/share/texlive/texmf-dist/tex/latex/microtype/mt-cmr.cfg)
(/usr/share/texlive/texmf-dist/tex/context/base/mkii/supp-pdf.mkii
[Loading MPS to PDF converter (version 2006.09.02).]
) (/usr/share/texlive/texmf-dist/tex/latex/epstopdf-pkg/epstopdf-base.sty
(/usr/share/texlive/texmf-dist/tex/latex/latexconfig/epstopdf-sys.cfg))
(./main.out) (./main.out)
(/usr/share/texlive/texmf-dist/tex/latex/amsfonts/umsa.fd)
(/usr/share/texlive/texmf-dist/tex/latex/microtype/mt-msa.cfg)
(/usr/share/texlive/texmf-dist/tex/latex/amsfonts/umsb.fd)
(/usr/share/texlive/texmf-dist/tex/latex/microtype/mt-msb.cfg)

LaTeX Warning: Citation `cirulli2014' on page 1 undefined on input line 87.


LaTeX Warning: Citation `menghrajani2014' on page 1 undefined on input line 94.


[1{/var/lib/texmf/fonts/map/pdftex/updmap/pdftex.map}]

LaTeX Warning: Citation `rodgers2014' on page 2 undefined on input line 120.


LaTeX Warning: Citation `leesmiller2017c' on page 2 undefined on input line 120
.


LaTeX Warning: Citation `daspaul2018' on page 2 undefined on input line 121.

[2]

LaTeX Warning: Citation `langerman2016' on page 3 undefined on input line 180.


LaTeX Warning: Citation `abdelkader2016' on page 3 undefined on input line 182.



LaTeX Warning: Citation `mehta2014' on page 3 undefined on input line 183.


LaTeX Warning: Citation `eppstein2018' on page 3 undefined on input line 185.


LaTeX Warning: Citation `szubert2014' on page 3 undefined on input line 196.


LaTeX Warning: Citation `wu2014' on page 3 undefined on input line 198.


LaTeX Warning: Citation `jaskowski2018' on page 3 undefined on input line 199.


LaTeX Warning: Citation `oka2016' on page 3 undefined on input line 201.


LaTeX Warning: Citation `matsuzaki2016' on page 3 undefined on input line 201.


LaTeX Warning: Citation `matsuzaki2017' on page 3 undefined on input line 201.


LaTeX Warning: Citation `matsuzaki2019' on page 3 undefined on input line 201.


LaTeX Warning: Citation `guei2020' on page 3 undefined on input line 202.


LaTeX Warning: Citation `guei2021' on page 3 undefined on input line 202.


LaTeX Warning: Citation `slizkov2023' on page 3 undefined on input line 204.


LaTeX Warning: Citation `leesmiller2017' on page 3 undefined on input line 208.



LaTeX Warning: Citation `leesmiller2017b' on page 3 undefined on input line 208
.


LaTeX Warning: Citation `leesmiller2018' on page 3 undefined on input line 208.



LaTeX Warning: Citation `yamashita2022' on page 3 undefined on input line 212.


LaTeX Warning: Citation `kaneko2026' on page 3 undefined on input line 213.


LaTeX Warning: Citation `daspaul2018' on page 3 undefined on input line 221.


LaTeX Warning: Citation `rodgers2014' on page 3 undefined on input line 226.


LaTeX Warning: Citation `kohler2019' on page 3 undefined on input line 229.


LaTeX Warning: Citation `saligram2025' on page 3 undefined on input line 237.


LaTeX Warning: Citation `bai2025' on page 3 undefined on input line 241.


LaTeX Warning: Citation `probabilitysports' on page 3 undefined on input line 2
46.

[3]

LaTeX Warning: Citation `ripa2014' on page 4 undefined on input line 253.


LaTeX Warning: Citation `ripaoeis2014' on page 4 undefined on input line 253.


LaTeX Warning: Citation `amo2014' on page 4 undefined on input line 256.

[4]

LaTeX Warning: Citation `leesmiller2017' on page 5 undefined on input line 379.


[5] [6]

LaTeX Warning: Citation `ershov1958' on page 7 undefined on input line 465.


LaTeX Warning: Citation `sethi1970' on page 7 undefined on input line 466.


LaTeX Warning: Citation `flajolet1979' on page 7 undefined on input line 467.


LaTeX Warning: Citation `paterson1970' on page 7 undefined on input line 468.

[7]

LaTeX Warning: Citation `daspaul2018' on page 8 undefined on input line 595.

[8] [9]

LaTeX Warning: Citation `kaneko2026' on page 10 undefined on input line 712.


LaTeX Warning: Citation `yamashita2022' on page 10 undefined on input line 746.



LaTeX Warning: Citation `kaneko2026' on page 10 undefined on input line 746.


LaTeX Warning: Citation `yamashita2022' on page 10 undefined on input line 746.



LaTeX Warning: Citation `kaneko2026' on page 10 undefined on input line 746.


LaTeX Warning: Citation `probabilitysports' on page 10 undefined on input line 
786.


LaTeX Warning: Citation `probabilitysports' on page 10 undefined on input line 
786.

[10]

LaTeX Warning: Citation `leesmiller2017b' on page 11 undefined on input line 79
3.

[11] [12] [13] (./lean.tex

LaTeX Warning: Citation `demoura2021lean4' on page 14 undefined on input line 5
.

[14] [15]

LaTeX Warning: Citation `lean2048artifact2026' on page 16 undefined on input li
ne 116.


LaTeX Warning: Citation `leanvalidation2026' on page 16 undefined on input line
 146.

) [16] [17]

LaTeX Warning: Citation `nneonneo2014' on page 18 undefined on input line 1122.



LaTeX Warning: Citation `richardson2014' on page 18 undefined on input line 112
3.

[18] [19]

LaTeX Warning: Citation `nneonneo2014' on page 20 undefined on input line 1197.



LaTeX Warning: Citation `richardson2014' on page 20 undefined on input line 120
1.

(./deductions.tex [20] [21] [22]

LaTeX Warning: Citation `ripa2014' on page 23 undefined on input line 231.


LaTeX Warning: Citation `ripaoeis2014' on page 23 undefined on input line 231.

[23]) [24]

LaTeX Warning: Citation `kaneko2026' on page 25 undefined on input line 1231.


LaTeX Warning: Citation `leesmiller2017c' on page 25 undefined on input line 12
36.


LaTeX Warning: Citation `leesmiller2017b' on page 25 undefined on input line 12
38.


LaTeX Warning: Citation `kaneko2026' on page 25 undefined on input line 1253.


LaTeX Warning: Citation `slizkov2023' on page 25 undefined on input line 1254.


LaTeX Warning: Citation `slizkov2023' on page 25 undefined on input line 1255.


LaTeX Warning: Citation `daspaul2018' on page 25 undefined on input line 1256.


LaTeX Warning: Citation `daspaul2018' on page 25 undefined on input line 1256.


LaTeX Warning: Citation `leesmiller2017' on page 25 undefined on input line 125
7.


LaTeX Warning: Citation `leesmiller2017b' on page 25 undefined on input line 12
64.


LaTeX Warning: Citation `rodgers2014' on page 25 undefined on input line 1274.


LaTeX Warning: Citation `leesmiller2017c' on page 25 undefined on input line 12
75.


LaTeX Warning: Citation `daspaul2018' on page 25 undefined on input line 1277.

[25] [26]

LaTeX Warning: Citation `superintelligence2026' on page 27 undefined on input l
ine 1383.


Underfull \hbox (badness 1048) in paragraph at lines 1383--1401
 []\OT1/cmr/bx/n/10.95 (+20) Executable wit-nesses and ex-per-i-ments.[] \OT1/c
mr/m/n/10.95 (+20) All code is in the repos-i-tory [[]]. \OT1/cmtt/m/n/10.95 no
de

Underfull \hbox (badness 1748) in paragraph at lines 1383--1401
\OT1/cmtt/m/n/10.95 ORIENT=col\OT1/cmr/m/n/10.95 (+20) ); \OT1/cmtt/m/n/10.95 p
ython3 verify/verify2048.py witness/131072.txt \OT1/cmr/m/n/10.95 (+20) checks 
a wit-ness in-

Underfull \hbox (badness 4713) in paragraph at lines 1383--1401
\OT1/cmr/m/n/10.95 (+20) de-pen-dently of ev-ery-thing else in the repos-i-tory
, and \OT1/cmtt/m/n/10.95 node test/replay[]engine.js
(./main.bbl [27]
Underfull \hbox (badness 1796) in paragraph at lines 40--45
[]\OT1/cmr/m/n/10.95 (+20) David Epp-stein.  Mak-ing change in 2048.  In \OT1/c
mr/m/it/10.95 (+20) 9th In-ter-na-tional Con-fer-ence on

Underfull \hbox (badness 1210) in paragraph at lines 40--45
\OT1/cmr/m/it/10.95 (+20) Fun with Al-go-rithms (FUN 2018)\OT1/cmr/m/n/10.95 (+
20) , vol-ume 100 of \OT1/cmr/m/it/10.95 (+20) LIPIcs\OT1/cmr/m/n/10.95 (+20) ,
 pages 21:1--21:13, 2018.
[28] [29]) [30] (./main.aux)

LaTeX Warning: There were undefined references.


LaTeX Warning: Label(s) may have changed. Rerun to get cross-references right.

 )
(see the transcript file for additional information) </home/runner/.texlive2023
/texmf-var/fonts/pk/ljfour/jknappen/ec/tcrm1095.600pk></usr/share/texlive/texmf
-dist/fonts/type1/public/amsfonts/cm/cmbx10.pfb></usr/share/texlive/texmf-dist/
fonts/type1/public/amsfonts/cm/cmbx12.pfb></usr/share/texlive/texmf-dist/fonts/
type1/public/amsfonts/cm/cmbx6.pfb></usr/share/texlive/texmf-dist/fonts/type1/p
ublic/amsfonts/cm/cmbx8.pfb></usr/share/texlive/texmf-dist/fonts/type1/public/a
msfonts/cm/cmbx9.pfb></usr/share/texlive/texmf-dist/fonts/type1/public/amsfonts
/cm/cmcsc10.pfb></usr/share/texlive/texmf-dist/fonts/type1/public/amsfonts/cm/c
mex10.pfb></usr/share/texlive/texmf-dist/fonts/type1/public/amsfonts/cm/cmmi10.
pfb></usr/share/texlive/texmf-dist/fonts/type1/public/amsfonts/cm/cmmi6.pfb></u
sr/share/texlive/texmf-dist/fonts/type1/public/amsfonts/cm/cmmi7.pfb></usr/shar
e/texlive/texmf-dist/fonts/type1/public/amsfonts/cm/cmmi8.pfb></usr/share/texli
ve/texmf-dist/fonts/type1/public/amsfonts/cm/cmmi9.pfb></usr/share/texlive/texm
f-dist/fonts/type1/public/amsfonts/cm/cmr10.pfb></usr/share/texlive/texmf-dist/
fonts/type1/public/amsfonts/cm/cmr12.pfb></usr/share/texlive/texmf-dist/fonts/t
ype1/public/amsfonts/cm/cmr17.pfb></usr/share/texlive/texmf-dist/fonts/type1/pu
blic/amsfonts/cm/cmr6.pfb></usr/share/texlive/texmf-dist/fonts/type1/public/ams
fonts/cm/cmr7.pfb></usr/share/texlive/texmf-dist/fonts/type1/public/amsfonts/cm
/cmr8.pfb></usr/share/texlive/texmf-dist/fonts/type1/public/amsfonts/cm/cmr9.pf
b></usr/share/texlive/texmf-dist/fonts/type1/public/amsfonts/cm/cmsy10.pfb></us
r/share/texlive/texmf-dist/fonts/type1/public/amsfonts/cm/cmsy6.pfb></usr/share
/texlive/texmf-dist/fonts/type1/public/amsfonts/cm/cmsy8.pfb></usr/share/texliv
e/texmf-dist/fonts/type1/public/amsfonts/cm/cmsy9.pfb></usr/share/texlive/texmf
-dist/fonts/type1/public/amsfonts/cm/cmti10.pfb></usr/share/texlive/texmf-dist/
fonts/type1/public/amsfonts/cm/cmtt10.pfb></usr/share/texlive/texmf-dist/fonts/
type1/public/amsfonts/cm/cmtt9.pfb></usr/share/texlive/texmf-dist/fonts/type1/p
ublic/amsfonts/symbols/msbm10.pfb>
Output written on main.pdf (30 pages, 499741 bytes).
Transcript written on main.log.
Latexmk: Getting log file 'main.log'
Latexmk: Examining 'main.fls'
Latexmk: Examining 'main.log'
Latexmk: Found input bbl file 'main.bbl'
Latexmk: References changed.
Latexmk: Log file says output to 'main.pdf'
Latexmk: Found bibliography file(s):
  ./refs.bib
Latexmk: applying rule 'bibtex main'...
Rule 'bibtex main':  Reasons for rerun
Changed files or newly in use/created:
  main.aux

------------
Run number 2 of rule 'bibtex main'
------------
------------
Running 'bibtex  "main.aux"'
------------
This is BibTeX, Version 0.99d (TeX Live 2023/Debian)
The top-level auxiliary file: main.aux
The style file: plain.bst
Database file #1: refs.bib
Latexmk: applying rule 'pdflatex'...
Rule 'pdflatex':  Reasons for rerun
Changed files or newly in use/created:
  main.aux

------------
Run number 3 of rule 'pdflatex'
------------
------------
Running 'pdflatex  -interaction=nonstopmode -halt-on-error -file-line-error -recorder  "main.tex"'
------------
This is pdfTeX, Version 3.141592653-2.6-1.40.25 (TeX Live 2023/Debian) (preloaded format=pdflatex)
 restricted \write18 enabled.
entering extended mode
(./main.tex
LaTeX2e <2023-11-01> patch level 1
L3 programming layer <2024-01-22>
(/usr/share/texlive/texmf-dist/tex/latex/base/article.cls
Document Class: article 2023/05/17 v1.4n Standard LaTeX document class
(/usr/share/texlive/texmf-dist/tex/latex/base/size11.clo))
(/usr/share/texlive/texmf-dist/tex/latex/geometry/geometry.sty
(/usr/share/texlive/texmf-dist/tex/latex/graphics/keyval.sty)
(/usr/share/texlive/texmf-dist/tex/generic/iftex/ifvtex.sty
(/usr/share/texlive/texmf-dist/tex/generic/iftex/iftex.sty)))
(/usr/share/texlive/texmf-dist/tex/latex/amsmath/amsmath.sty
For additional information on amsmath, use the `?' option.
(/usr/share/texlive/texmf-dist/tex/latex/amsmath/amstext.sty
(/usr/share/texlive/texmf-dist/tex/latex/amsmath/amsgen.sty))
(/usr/share/texlive/texmf-dist/tex/latex/amsmath/amsbsy.sty)
(/usr/share/texlive/texmf-dist/tex/latex/amsmath/amsopn.sty))
(/usr/share/texlive/texmf-dist/tex/latex/amsfonts/amssymb.sty
(/usr/share/texlive/texmf-dist/tex/latex/amsfonts/amsfonts.sty))
(/usr/share/texlive/texmf-dist/tex/latex/amscls/amsthm.sty)
(/usr/share/texlive/texmf-dist/tex/latex/booktabs/booktabs.sty)
(/usr/share/texlive/texmf-dist/tex/latex/tools/array.sty)
(/usr/share/texlive/texmf-dist/tex/latex/microtype/microtype.sty
(/usr/share/texlive/texmf-dist/tex/latex/etoolbox/etoolbox.sty)
(/usr/share/texlive/texmf-dist/tex/latex/microtype/microtype-pdftex.def)
(/usr/share/texlive/texmf-dist/tex/latex/microtype/microtype.cfg))
(/usr/share/texlive/texmf-dist/tex/latex/xcolor/xcolor.sty
(/usr/share/texlive/texmf-dist/tex/latex/graphics-cfg/color.cfg)
(/usr/share/texlive/texmf-dist/tex/latex/graphics-def/pdftex.def)
(/usr/share/texlive/texmf-dist/tex/latex/graphics/mathcolor.ltx))
(/usr/share/texlive/texmf-dist/tex/latex/pgf/frontendlayer/tikz.sty
(/usr/share/texlive/texmf-dist/tex/latex/pgf/basiclayer/pgf.sty
(/usr/share/texlive/texmf-dist/tex/latex/pgf/utilities/pgfrcs.sty
(/usr/share/texlive/texmf-dist/tex/generic/pgf/utilities/pgfutil-common.tex)
(/usr/share/texlive/texmf-dist/tex/generic/pgf/utilities/pgfutil-latex.def)
(/usr/share/texlive/texmf-dist/tex/generic/pgf/utilities/pgfrcs.code.tex
(/usr/share/texlive/texmf-dist/tex/generic/pgf/pgf.revision.tex)))
(/usr/share/texlive/texmf-dist/tex/latex/pgf/basiclayer/pgfcore.sty
(/usr/share/texlive/texmf-dist/tex/latex/graphics/graphicx.sty
(/usr/share/texlive/texmf-dist/tex/latex/graphics/graphics.sty
(/usr/share/texlive/texmf-dist/tex/latex/graphics/trig.sty)
(/usr/share/texlive/texmf-dist/tex/latex/graphics-cfg/graphics.cfg)))
(/usr/share/texlive/texmf-dist/tex/latex/pgf/systemlayer/pgfsys.sty
(/usr/share/texlive/texmf-dist/tex/generic/pgf/systemlayer/pgfsys.code.tex
(/usr/share/texlive/texmf-dist/tex/generic/pgf/utilities/pgfkeys.code.tex
(/usr/share/texlive/texmf-dist/tex/generic/pgf/utilities/pgfkeyslibraryfiltered
.code.tex)) (/usr/share/texlive/texmf-dist/tex/generic/pgf/systemlayer/pgf.cfg)
(/usr/share/texlive/texmf-dist/tex/generic/pgf/systemlayer/pgfsys-pdftex.def
(/usr/share/texlive/texmf-dist/tex/generic/pgf/systemlayer/pgfsys-common-pdf.de
f)))
(/usr/share/texlive/texmf-dist/tex/generic/pgf/systemlayer/pgfsyssoftpath.code.
tex)
(/usr/share/texlive/texmf-dist/tex/generic/pgf/systemlayer/pgfsysprotocol.code.
tex))
(/usr/share/texlive/texmf-dist/tex/generic/pgf/basiclayer/pgfcore.code.tex
(/usr/share/texlive/texmf-dist/tex/generic/pgf/math/pgfmath.code.tex
(/usr/share/texlive/texmf-dist/tex/generic/pgf/math/pgfmathutil.code.tex)
(/usr/share/texlive/texmf-dist/tex/generic/pgf/math/pgfmathparser.code.tex)
(/usr/share/texlive/texmf-dist/tex/generic/pgf/math/pgfmathfunctions.code.tex)
(/usr/share/texlive/texmf-dist/tex/generic/pgf/math/pgfmathfunctions.basic.code
.tex)
(/usr/share/texlive/texmf-dist/tex/generic/pgf/math/pgfmathfunctions.trigonomet
ric.code.tex)
(/usr/share/texlive/texmf-dist/tex/generic/pgf/math/pgfmathfunctions.random.cod
e.tex)
(/usr/share/texlive/texmf-dist/tex/generic/pgf/math/pgfmathfunctions.comparison
.code.tex)
(/usr/share/texlive/texmf-dist/tex/generic/pgf/math/pgfmathfunctions.base.code.
tex)
(/usr/share/texlive/texmf-dist/tex/generic/pgf/math/pgfmathfunctions.round.code
.tex)
(/usr/share/texlive/texmf-dist/tex/generic/pgf/math/pgfmathfunctions.misc.code.
tex)
(/usr/share/texlive/texmf-dist/tex/generic/pgf/math/pgfmathfunctions.integerari
thmetics.code.tex)
(/usr/share/texlive/texmf-dist/tex/generic/pgf/math/pgfmathcalc.code.tex)
(/usr/share/texlive/texmf-dist/tex/generic/pgf/math/pgfmathfloat.code.tex))
(/usr/share/texlive/texmf-dist/tex/generic/pgf/math/pgfint.code.tex)
(/usr/share/texlive/texmf-dist/tex/generic/pgf/basiclayer/pgfcorepoints.code.te
x)
(/usr/share/texlive/texmf-dist/tex/generic/pgf/basiclayer/pgfcorepathconstruct.
code.tex)
(/usr/share/texlive/texmf-dist/tex/generic/pgf/basiclayer/pgfcorepathusage.code
.tex)
(/usr/share/texlive/texmf-dist/tex/generic/pgf/basiclayer/pgfcorescopes.code.te
x)
(/usr/share/texlive/texmf-dist/tex/generic/pgf/basiclayer/pgfcoregraphicstate.c
ode.tex)
(/usr/share/texlive/texmf-dist/tex/generic/pgf/basiclayer/pgfcoretransformation
s.code.tex)
(/usr/share/texlive/texmf-dist/tex/generic/pgf/basiclayer/pgfcorequick.code.tex
)
(/usr/share/texlive/texmf-dist/tex/generic/pgf/basiclayer/pgfcoreobjects.code.t
ex)
(/usr/share/texlive/texmf-dist/tex/generic/pgf/basiclayer/pgfcorepathprocessing
.code.tex)
(/usr/share/texlive/texmf-dist/tex/generic/pgf/basiclayer/pgfcorearrows.code.te
x)
(/usr/share/texlive/texmf-dist/tex/generic/pgf/basiclayer/pgfcoreshade.code.tex
)
(/usr/share/texlive/texmf-dist/tex/generic/pgf/basiclayer/pgfcoreimage.code.tex
)
(/usr/share/texlive/texmf-dist/tex/generic/pgf/basiclayer/pgfcoreexternal.code.
tex)
(/usr/share/texlive/texmf-dist/tex/generic/pgf/basiclayer/pgfcorelayers.code.te
x)
(/usr/share/texlive/texmf-dist/tex/generic/pgf/basiclayer/pgfcoretransparency.c
ode.tex)
(/usr/share/texlive/texmf-dist/tex/generic/pgf/basiclayer/pgfcorepatterns.code.
tex)
(/usr/share/texlive/texmf-dist/tex/generic/pgf/basiclayer/pgfcorerdf.code.tex))
)
(/usr/share/texlive/texmf-dist/tex/generic/pgf/modules/pgfmoduleshapes.code.tex
) (/usr/share/texlive/texmf-dist/tex/generic/pgf/modules/pgfmoduleplot.code.tex
)
(/usr/share/texlive/texmf-dist/tex/latex/pgf/compatibility/pgfcomp-version-0-65
.sty)
(/usr/share/texlive/texmf-dist/tex/latex/pgf/compatibility/pgfcomp-version-1-18
.sty)) (/usr/share/texlive/texmf-dist/tex/latex/pgf/utilities/pgffor.sty
(/usr/share/texlive/texmf-dist/tex/latex/pgf/utilities/pgfkeys.sty
(/usr/share/texlive/texmf-dist/tex/generic/pgf/utilities/pgfkeys.code.tex))
(/usr/share/texlive/texmf-dist/tex/latex/pgf/math/pgfmath.sty
(/usr/share/texlive/texmf-dist/tex/generic/pgf/math/pgfmath.code.tex))
(/usr/share/texlive/texmf-dist/tex/generic/pgf/utilities/pgffor.code.tex))
(/usr/share/texlive/texmf-dist/tex/generic/pgf/frontendlayer/tikz/tikz.code.tex

(/usr/share/texlive/texmf-dist/tex/generic/pgf/libraries/pgflibraryplothandlers
.code.tex)
(/usr/share/texlive/texmf-dist/tex/generic/pgf/modules/pgfmodulematrix.code.tex
)
(/usr/share/texlive/texmf-dist/tex/generic/pgf/frontendlayer/tikz/libraries/tik
zlibrarytopaths.code.tex)))
(/usr/share/texlive/texmf-dist/tex/generic/pgf/libraries/pgflibraryarrows.meta.
code.tex) (/usr/share/texlive/texmf-dist/tex/latex/hyperref/hyperref.sty
(/usr/share/texlive/texmf-dist/tex/latex/kvsetkeys/kvsetkeys.sty)
(/usr/share/texlive/texmf-dist/tex/generic/kvdefinekeys/kvdefinekeys.sty)
(/usr/share/texlive/texmf-dist/tex/generic/pdfescape/pdfescape.sty
(/usr/share/texlive/texmf-dist/tex/generic/ltxcmds/ltxcmds.sty)
(/usr/share/texlive/texmf-dist/tex/generic/pdftexcmds/pdftexcmds.sty
(/usr/share/texlive/texmf-dist/tex/generic/infwarerr/infwarerr.sty)))
(/usr/share/texlive/texmf-dist/tex/latex/hycolor/hycolor.sty)
(/usr/share/texlive/texmf-dist/tex/latex/auxhook/auxhook.sty)
(/usr/share/texlive/texmf-dist/tex/latex/hyperref/nameref.sty
(/usr/share/texlive/texmf-dist/tex/latex/refcount/refcount.sty)
(/usr/share/texlive/texmf-dist/tex/generic/gettitlestring/gettitlestring.sty
(/usr/share/texlive/texmf-dist/tex/latex/kvoptions/kvoptions.sty)))
(/usr/share/texlive/texmf-dist/tex/latex/hyperref/pd1enc.def)
(/usr/share/texlive/texmf-dist/tex/generic/intcalc/intcalc.sty)
(/usr/share/texlive/texmf-dist/tex/latex/hyperref/puenc.def)
(/usr/share/texlive/texmf-dist/tex/latex/url/url.sty)
(/usr/share/texlive/texmf-dist/tex/generic/bitset/bitset.sty
(/usr/share/texlive/texmf-dist/tex/generic/bigintcalc/bigintcalc.sty))
(/usr/share/texlive/texmf-dist/tex/latex/base/atbegshi-ltx.sty))
(/usr/share/texlive/texmf-dist/tex/latex/hyperref/hpdftex.def
(/usr/share/texlive/texmf-dist/tex/latex/base/atveryend-ltx.sty)
(/usr/share/texlive/texmf-dist/tex/latex/rerunfilecheck/rerunfilecheck.sty
(/usr/share/texlive/texmf-dist/tex/generic/uniquecounter/uniquecounter.sty)))
(/usr/share/texlive/texmf-dist/tex/latex/enumitem/enumitem.sty) (./figs.tex)
(/usr/share/texlive/texmf-dist/tex/latex/l3backend/l3backend-pdftex.def)
(./main.aux)
*geometry* driver: auto-detecting
*geometry* detected driver: pdftex
(/usr/share/texlive/texmf-dist/tex/latex/microtype/mt-cmr.cfg)
(/usr/share/texlive/texmf-dist/tex/context/base/mkii/supp-pdf.mkii
[Loading MPS to PDF converter (version 2006.09.02).]
) (/usr/share/texlive/texmf-dist/tex/latex/epstopdf-pkg/epstopdf-base.sty
(/usr/share/texlive/texmf-dist/tex/latex/latexconfig/epstopdf-sys.cfg))
(./main.out) (./main.out)
(/usr/share/texlive/texmf-dist/tex/latex/amsfonts/umsa.fd)
(/usr/share/texlive/texmf-dist/tex/latex/microtype/mt-msa.cfg)
(/usr/share/texlive/texmf-dist/tex/latex/amsfonts/umsb.fd)
(/usr/share/texlive/texmf-dist/tex/latex/microtype/mt-msb.cfg) [1{/var/lib/texm
f/fonts/map/pdftex/updmap/pdftex.map}] [2] [3] [4] [5] [6] [7] [8] [9] [10]
[11] [12] [13] (./lean.tex [14] [15]) [16] [17] [18] [19] (./deductions.tex
[20] [21] [22] [23]) [24] [25] [26]
Underfull \hbox (badness 1748) in paragraph at lines 1383--1401
\OT1/cmtt/m/n/10.95 ORIENT=col\OT1/cmr/m/n/10.95 (+20) ); \OT1/cmtt/m/n/10.95 p
ython3 verify/verify2048.py witness/131072.txt \OT1/cmr/m/n/10.95 (+20) checks 
a wit-ness in-

Underfull \hbox (badness 4713) in paragraph at lines 1383--1401
\OT1/cmr/m/n/10.95 (+20) de-pen-dently of ev-ery-thing else in the repos-i-tory
, and \OT1/cmtt/m/n/10.95 node test/replay[]engine.js
(./main.bbl [27]
Underfull \hbox (badness 1796) in paragraph at lines 40--45
[]\OT1/cmr/m/n/10.95 (+20) David Epp-stein.  Mak-ing change in 2048.  In \OT1/c
mr/m/it/10.95 (+20) 9th In-ter-na-tional Con-fer-ence on

Underfull \hbox (badness 1210) in paragraph at lines 40--45
\OT1/cmr/m/it/10.95 (+20) Fun with Al-go-rithms (FUN 2018)\OT1/cmr/m/n/10.95 (+
20) , vol-ume 100 of \OT1/cmr/m/it/10.95 (+20) LIPIcs\OT1/cmr/m/n/10.95 (+20) ,
 pages 21:1--21:13, 2018.
[28] [29]) [30] (./main.aux) )
(see the transcript file for additional information) </home/runner/.texlive2023
/texmf-var/fonts/pk/ljfour/jknappen/ec/tcrm1095.600pk></usr/share/texlive/texmf
-dist/fonts/type1/public/amsfonts/cm/cmbx10.pfb></usr/share/texlive/texmf-dist/
fonts/type1/public/amsfonts/cm/cmbx12.pfb></usr/share/texlive/texmf-dist/fonts/
type1/public/amsfonts/cm/cmbx6.pfb></usr/share/texlive/texmf-dist/fonts/type1/p
ublic/amsfonts/cm/cmbx8.pfb></usr/share/texlive/texmf-dist/fonts/type1/public/a
msfonts/cm/cmbx9.pfb></usr/share/texlive/texmf-dist/fonts/type1/public/amsfonts
/cm/cmcsc10.pfb></usr/share/texlive/texmf-dist/fonts/type1/public/amsfonts/cm/c
mex10.pfb></usr/share/texlive/texmf-dist/fonts/type1/public/amsfonts/cm/cmmi10.
pfb></usr/share/texlive/texmf-dist/fonts/type1/public/amsfonts/cm/cmmi6.pfb></u
sr/share/texlive/texmf-dist/fonts/type1/public/amsfonts/cm/cmmi7.pfb></usr/shar
e/texlive/texmf-dist/fonts/type1/public/amsfonts/cm/cmmi8.pfb></usr/share/texli
ve/texmf-dist/fonts/type1/public/amsfonts/cm/cmmi9.pfb></usr/share/texlive/texm
f-dist/fonts/type1/public/amsfonts/cm/cmr10.pfb></usr/share/texlive/texmf-dist/
fonts/type1/public/amsfonts/cm/cmr12.pfb></usr/share/texlive/texmf-dist/fonts/t
ype1/public/amsfonts/cm/cmr17.pfb></usr/share/texlive/texmf-dist/fonts/type1/pu
blic/amsfonts/cm/cmr6.pfb></usr/share/texlive/texmf-dist/fonts/type1/public/ams
fonts/cm/cmr7.pfb></usr/share/texlive/texmf-dist/fonts/type1/public/amsfonts/cm
/cmr8.pfb></usr/share/texlive/texmf-dist/fonts/type1/public/amsfonts/cm/cmr9.pf
b></usr/share/texlive/texmf-dist/fonts/type1/public/amsfonts/cm/cmsy10.pfb></us
r/share/texlive/texmf-dist/fonts/type1/public/amsfonts/cm/cmsy6.pfb></usr/share
/texlive/texmf-dist/fonts/type1/public/amsfonts/cm/cmsy8.pfb></usr/share/texliv
e/texmf-dist/fonts/type1/public/amsfonts/cm/cmsy9.pfb></usr/share/texlive/texmf
-dist/fonts/type1/public/amsfonts/cm/cmti10.pfb></usr/share/texlive/texmf-dist/
fonts/type1/public/amsfonts/cm/cmtt10.pfb></usr/share/texlive/texmf-dist/fonts/
type1/public/amsfonts/cm/cmtt9.pfb></usr/share/texlive/texmf-dist/fonts/type1/p
ublic/amsfonts/symbols/msbm10.pfb>
Output written on main.pdf (30 pages, 502479 bytes).
Transcript written on main.log.
Latexmk: Getting log file 'main.log'
Latexmk: Examining 'main.fls'
Latexmk: Examining 'main.log'
Latexmk: Found input bbl file 'main.bbl'
Latexmk: Log file says output to 'main.pdf'
Latexmk: Found bibliography file(s):
  ./refs.bib
Latexmk: All targets (main.pdf) are up-to-date

