{
  "title": "Perfect 2048: Kernel-Verified Optima and Extremal Play",
  "author": {
    "name": "Dominic Dabish",
    "affiliation": "San Diego State University",
    "email": "ddabish@sdsu.edu"
  },
  "pages": 42,
  "baseline_commit": "1f6b7160b8e79444f35bb69aff0e26b78f6fe535",
  "source_date_epoch": 1788782400,
  "build_engine": "pdfTeX 3.141592653-2.6-1.40.25 (TeX Live 2023/Debian)",
  "pdf_sha256": "71c2f3b77c8f66f786ac8d8f52e612092229c204a2c23fc7f66b5ad0f2b3df14",
  "source_bundle_sha256": "59156f73034402393fc3ecbe4baa66dbd56e60b9a7692f021dfa4644f39c1970",
  "source_sha256": {
    "author.tex": "d62edfa0fbbee7a93d040b36cc8fd8141b2131288ce642b69f339cbad1524cf4",
    "deductions.tex": "c0b34eb69bc4d7b11d71f7677afca84b44d4846ece719e74f7e06a3b4265029a",
    "figs.tex": "697931a40181ec20c34acbbda926b0dc5b87d7ccf8875407154160d2c865ea6a",
    "lean.tex": "93606f42156071d16c2221e6cbfe6f3e71b05e211a5ca50f4fe28ff76cf09912",
    "main.tex": "21235cc2cd854a52a22d5fdaabb87cf6506cc1b656e0cd6cc8191181f6ea1d61",
    "monotone.tex": "5ada49fa4873b0fed659b935dc33389b2b865bf2115ca94fd5415ed66382e16b",
    "refs.bib": "32d8b05edfaee54bd5da6657bfafdb353de875757df164448d9a841d757a05a2",
    "state-space-body.tex": "2ddb2e6e5bf61e31d241de08baa3cb3cbabaddc5a1676792d97849d28983870a",
    "state-space.tex": "fb0a5b4707ea68a38af7824ad46c47f2c803187f746ba8a8880edf6cf8afb5e6",
    "main.bbl": "3002413bc9d393ca2a4697ca4ad77a14ef5d2bfc550b5aebbe9f137eb9347f80"
  },
  "checks": {
    "latex_build": true,
    "no_unresolved_references_or_overflow": true,
    "author_information_present": true,
    "pdf_author_metadata_correct": true
  },
  "scope": "Manuscript compilation and source packaging; not journal submission, peer review, or a Lean rebuild."
}
