Rc files read:
  /etc/LatexMk
Latexmk: This is Latexmk, John Collins, 31 Jan. 2024. Version 4.83.
No existing .aux file, so I'll make a simple one, and require run of *latex.
Latexmk: applying rule 'pdflatex'...
Rule 'pdflatex':  Reasons for rerun
Category 'other':
  Rerun of 'pdflatex' forced or previously required:
    Reason or flag: 'Initial setup'

------------
Run number 1 of rule 'pdflatex'
------------
------------
Running 'pdflatex  -interaction=nonstopmode -halt-on-error -file-line-error -recorder  "main.tex"'
------------
This is pdfTeX, Version 3.141592653-2.6-1.40.25 (TeX Live 2023/Debian) (preloaded format=pdflatex)
 restricted \write18 enabled.
entering extended mode
(./main.tex
LaTeX2e <2023-11-01> patch level 1
L3 programming layer <2024-01-22>
(/usr/share/texlive/texmf-dist/tex/latex/base/article.cls
Document Class: article 2023/05/17 v1.4n Standard LaTeX document class
(/usr/share/texlive/texmf-dist/tex/latex/base/size11.clo))
(/usr/share/texlive/texmf-dist/tex/latex/geometry/geometry.sty
(/usr/share/texlive/texmf-dist/tex/latex/graphics/keyval.sty)
(/usr/share/texlive/texmf-dist/tex/generic/iftex/ifvtex.sty
(/usr/share/texlive/texmf-dist/tex/generic/iftex/iftex.sty)))
(/usr/share/texlive/texmf-dist/tex/latex/amsmath/amsmath.sty
For additional information on amsmath, use the `?' option.
(/usr/share/texlive/texmf-dist/tex/latex/amsmath/amstext.sty
(/usr/share/texlive/texmf-dist/tex/latex/amsmath/amsgen.sty))
(/usr/share/texlive/texmf-dist/tex/latex/amsmath/amsbsy.sty)
(/usr/share/texlive/texmf-dist/tex/latex/amsmath/amsopn.sty))
(/usr/share/texlive/texmf-dist/tex/latex/amsfonts/amssymb.sty
(/usr/share/texlive/texmf-dist/tex/latex/amsfonts/amsfonts.sty))
(/usr/share/texlive/texmf-dist/tex/latex/amscls/amsthm.sty)
(/usr/share/texlive/texmf-dist/tex/latex/booktabs/booktabs.sty)
(/usr/share/texlive/texmf-dist/tex/latex/tools/array.sty)
(/usr/share/texlive/texmf-dist/tex/latex/microtype/microtype.sty
(/usr/share/texlive/texmf-dist/tex/latex/etoolbox/etoolbox.sty)
(/usr/share/texlive/texmf-dist/tex/latex/microtype/microtype-pdftex.def)
(/usr/share/texlive/texmf-dist/tex/latex/microtype/microtype.cfg))
(/usr/share/texlive/texmf-dist/tex/latex/xcolor/xcolor.sty
(/usr/share/texlive/texmf-dist/tex/latex/graphics-cfg/color.cfg)
(/usr/share/texlive/texmf-dist/tex/latex/graphics-def/pdftex.def)
(/usr/share/texlive/texmf-dist/tex/latex/graphics/mathcolor.ltx))
(/usr/share/texlive/texmf-dist/tex/latex/pgf/frontendlayer/tikz.sty
(/usr/share/texlive/texmf-dist/tex/latex/pgf/basiclayer/pgf.sty
(/usr/share/texlive/texmf-dist/tex/latex/pgf/utilities/pgfrcs.sty
(/usr/share/texlive/texmf-dist/tex/generic/pgf/utilities/pgfutil-common.tex)
(/usr/share/texlive/texmf-dist/tex/generic/pgf/utilities/pgfutil-latex.def)
(/usr/share/texlive/texmf-dist/tex/generic/pgf/utilities/pgfrcs.code.tex
(/usr/share/texlive/texmf-dist/tex/generic/pgf/pgf.revision.tex)))
(/usr/share/texlive/texmf-dist/tex/latex/pgf/basiclayer/pgfcore.sty
(/usr/share/texlive/texmf-dist/tex/latex/graphics/graphicx.sty
(/usr/share/texlive/texmf-dist/tex/latex/graphics/graphics.sty
(/usr/share/texlive/texmf-dist/tex/latex/graphics/trig.sty)
(/usr/share/texlive/texmf-dist/tex/latex/graphics-cfg/graphics.cfg)))
(/usr/share/texlive/texmf-dist/tex/latex/pgf/systemlayer/pgfsys.sty
(/usr/share/texlive/texmf-dist/tex/generic/pgf/systemlayer/pgfsys.code.tex
(/usr/share/texlive/texmf-dist/tex/generic/pgf/utilities/pgfkeys.code.tex
(/usr/share/texlive/texmf-dist/tex/generic/pgf/utilities/pgfkeyslibraryfiltered
.code.tex)) (/usr/share/texlive/texmf-dist/tex/generic/pgf/systemlayer/pgf.cfg)
(/usr/share/texlive/texmf-dist/tex/generic/pgf/systemlayer/pgfsys-pdftex.def
(/usr/share/texlive/texmf-dist/tex/generic/pgf/systemlayer/pgfsys-common-pdf.de
f)))
(/usr/share/texlive/texmf-dist/tex/generic/pgf/systemlayer/pgfsyssoftpath.code.
tex)
(/usr/share/texlive/texmf-dist/tex/generic/pgf/systemlayer/pgfsysprotocol.code.
tex))
(/usr/share/texlive/texmf-dist/tex/generic/pgf/basiclayer/pgfcore.code.tex
(/usr/share/texlive/texmf-dist/tex/generic/pgf/math/pgfmath.code.tex
(/usr/share/texlive/texmf-dist/tex/generic/pgf/math/pgfmathutil.code.tex)
(/usr/share/texlive/texmf-dist/tex/generic/pgf/math/pgfmathparser.code.tex)
(/usr/share/texlive/texmf-dist/tex/generic/pgf/math/pgfmathfunctions.code.tex)
(/usr/share/texlive/texmf-dist/tex/generic/pgf/math/pgfmathfunctions.basic.code
.tex)
(/usr/share/texlive/texmf-dist/tex/generic/pgf/math/pgfmathfunctions.trigonomet
ric.code.tex)
(/usr/share/texlive/texmf-dist/tex/generic/pgf/math/pgfmathfunctions.random.cod
e.tex)
(/usr/share/texlive/texmf-dist/tex/generic/pgf/math/pgfmathfunctions.comparison
.code.tex)
(/usr/share/texlive/texmf-dist/tex/generic/pgf/math/pgfmathfunctions.base.code.
tex)
(/usr/share/texlive/texmf-dist/tex/generic/pgf/math/pgfmathfunctions.round.code
.tex)
(/usr/share/texlive/texmf-dist/tex/generic/pgf/math/pgfmathfunctions.misc.code.
tex)
(/usr/share/texlive/texmf-dist/tex/generic/pgf/math/pgfmathfunctions.integerari
thmetics.code.tex)
(/usr/share/texlive/texmf-dist/tex/generic/pgf/math/pgfmathcalc.code.tex)
(/usr/share/texlive/texmf-dist/tex/generic/pgf/math/pgfmathfloat.code.tex))
(/usr/share/texlive/texmf-dist/tex/generic/pgf/math/pgfint.code.tex)
(/usr/share/texlive/texmf-dist/tex/generic/pgf/basiclayer/pgfcorepoints.code.te
x)
(/usr/share/texlive/texmf-dist/tex/generic/pgf/basiclayer/pgfcorepathconstruct.
code.tex)
(/usr/share/texlive/texmf-dist/tex/generic/pgf/basiclayer/pgfcorepathusage.code
.tex)
(/usr/share/texlive/texmf-dist/tex/generic/pgf/basiclayer/pgfcorescopes.code.te
x)
(/usr/share/texlive/texmf-dist/tex/generic/pgf/basiclayer/pgfcoregraphicstate.c
ode.tex)
(/usr/share/texlive/texmf-dist/tex/generic/pgf/basiclayer/pgfcoretransformation
s.code.tex)
(/usr/share/texlive/texmf-dist/tex/generic/pgf/basiclayer/pgfcorequick.code.tex
)
(/usr/share/texlive/texmf-dist/tex/generic/pgf/basiclayer/pgfcoreobjects.code.t
ex)
(/usr/share/texlive/texmf-dist/tex/generic/pgf/basiclayer/pgfcorepathprocessing
.code.tex)
(/usr/share/texlive/texmf-dist/tex/generic/pgf/basiclayer/pgfcorearrows.code.te
x)
(/usr/share/texlive/texmf-dist/tex/generic/pgf/basiclayer/pgfcoreshade.code.tex
)
(/usr/share/texlive/texmf-dist/tex/generic/pgf/basiclayer/pgfcoreimage.code.tex
)
(/usr/share/texlive/texmf-dist/tex/generic/pgf/basiclayer/pgfcoreexternal.code.
tex)
(/usr/share/texlive/texmf-dist/tex/generic/pgf/basiclayer/pgfcorelayers.code.te
x)
(/usr/share/texlive/texmf-dist/tex/generic/pgf/basiclayer/pgfcoretransparency.c
ode.tex)
(/usr/share/texlive/texmf-dist/tex/generic/pgf/basiclayer/pgfcorepatterns.code.
tex)
(/usr/share/texlive/texmf-dist/tex/generic/pgf/basiclayer/pgfcorerdf.code.tex))
)
(/usr/share/texlive/texmf-dist/tex/generic/pgf/modules/pgfmoduleshapes.code.tex
) (/usr/share/texlive/texmf-dist/tex/generic/pgf/modules/pgfmoduleplot.code.tex
)
(/usr/share/texlive/texmf-dist/tex/latex/pgf/compatibility/pgfcomp-version-0-65
.sty)
(/usr/share/texlive/texmf-dist/tex/latex/pgf/compatibility/pgfcomp-version-1-18
.sty)) (/usr/share/texlive/texmf-dist/tex/latex/pgf/utilities/pgffor.sty
(/usr/share/texlive/texmf-dist/tex/latex/pgf/utilities/pgfkeys.sty
(/usr/share/texlive/texmf-dist/tex/generic/pgf/utilities/pgfkeys.code.tex))
(/usr/share/texlive/texmf-dist/tex/latex/pgf/math/pgfmath.sty
(/usr/share/texlive/texmf-dist/tex/generic/pgf/math/pgfmath.code.tex))
(/usr/share/texlive/texmf-dist/tex/generic/pgf/utilities/pgffor.code.tex))
(/usr/share/texlive/texmf-dist/tex/generic/pgf/frontendlayer/tikz/tikz.code.tex

(/usr/share/texlive/texmf-dist/tex/generic/pgf/libraries/pgflibraryplothandlers
.code.tex)
(/usr/share/texlive/texmf-dist/tex/generic/pgf/modules/pgfmodulematrix.code.tex
)
(/usr/share/texlive/texmf-dist/tex/generic/pgf/frontendlayer/tikz/libraries/tik
zlibrarytopaths.code.tex)))
(/usr/share/texlive/texmf-dist/tex/generic/pgf/libraries/pgflibraryarrows.meta.
code.tex) (/usr/share/texlive/texmf-dist/tex/latex/hyperref/hyperref.sty
(/usr/share/texlive/texmf-dist/tex/latex/kvsetkeys/kvsetkeys.sty)
(/usr/share/texlive/texmf-dist/tex/generic/kvdefinekeys/kvdefinekeys.sty)
(/usr/share/texlive/texmf-dist/tex/generic/pdfescape/pdfescape.sty
(/usr/share/texlive/texmf-dist/tex/generic/ltxcmds/ltxcmds.sty)
(/usr/share/texlive/texmf-dist/tex/generic/pdftexcmds/pdftexcmds.sty
(/usr/share/texlive/texmf-dist/tex/generic/infwarerr/infwarerr.sty)))
(/usr/share/texlive/texmf-dist/tex/latex/hycolor/hycolor.sty)
(/usr/share/texlive/texmf-dist/tex/latex/auxhook/auxhook.sty)
(/usr/share/texlive/texmf-dist/tex/latex/hyperref/nameref.sty
(/usr/share/texlive/texmf-dist/tex/latex/refcount/refcount.sty)
(/usr/share/texlive/texmf-dist/tex/generic/gettitlestring/gettitlestring.sty
(/usr/share/texlive/texmf-dist/tex/latex/kvoptions/kvoptions.sty)))
(/usr/share/texlive/texmf-dist/tex/latex/hyperref/pd1enc.def)
(/usr/share/texlive/texmf-dist/tex/generic/intcalc/intcalc.sty)
(/usr/share/texlive/texmf-dist/tex/latex/hyperref/puenc.def)
(/usr/share/texlive/texmf-dist/tex/latex/url/url.sty)
(/usr/share/texlive/texmf-dist/tex/generic/bitset/bitset.sty
(/usr/share/texlive/texmf-dist/tex/generic/bigintcalc/bigintcalc.sty))
(/usr/share/texlive/texmf-dist/tex/latex/base/atbegshi-ltx.sty))
(/usr/share/texlive/texmf-dist/tex/latex/hyperref/hpdftex.def
(/usr/share/texlive/texmf-dist/tex/latex/base/atveryend-ltx.sty)
(/usr/share/texlive/texmf-dist/tex/latex/rerunfilecheck/rerunfilecheck.sty
(/usr/share/texlive/texmf-dist/tex/generic/uniquecounter/uniquecounter.sty)))
(/usr/share/texlive/texmf-dist/tex/latex/enumitem/enumitem.sty) (./figs.tex)
(./author.tex)
(/usr/share/texlive/texmf-dist/tex/latex/l3backend/l3backend-pdftex.def)
(./main.aux)
*geometry* driver: auto-detecting
*geometry* detected driver: pdftex
(/usr/share/texlive/texmf-dist/tex/latex/microtype/mt-cmr.cfg)
(/usr/share/texlive/texmf-dist/tex/context/base/mkii/supp-pdf.mkii
[Loading MPS to PDF converter (version 2006.09.02).]
) (/usr/share/texlive/texmf-dist/tex/latex/epstopdf-pkg/epstopdf-base.sty
(/usr/share/texlive/texmf-dist/tex/latex/latexconfig/epstopdf-sys.cfg))
(/usr/share/texlive/texmf-dist/tex/latex/amsfonts/umsa.fd)
(/usr/share/texlive/texmf-dist/tex/latex/microtype/mt-msa.cfg)
(/usr/share/texlive/texmf-dist/tex/latex/amsfonts/umsb.fd)
(/usr/share/texlive/texmf-dist/tex/latex/microtype/mt-msb.cfg)

LaTeX Warning: Citation `cirulli2014' on page 1 undefined on input line 84.


LaTeX Warning: Citation `menghrajani2014' on page 1 undefined on input line 91.


[1{/var/lib/texmf/fonts/map/pdftex/updmap/pdftex.map}]

LaTeX Warning: Citation `rodgers2014' on page 2 undefined on input line 117.


LaTeX Warning: Citation `leesmiller2017c' on page 2 undefined on input line 117
.


LaTeX Warning: Citation `daspaul2018' on page 2 undefined on input line 118.


LaTeX Warning: Reference `sec:recent' on page 2 undefined on input line 119.


LaTeX Warning: Reference `sec:certificate' on page 2 undefined on input line 12
2.


LaTeX Warning: Reference `sec:lean' on page 2 undefined on input line 125.


LaTeX Warning: Citation `ripa2014' on page 2 undefined on input line 126.


LaTeX Warning: Citation `ripaoeis2014' on page 2 undefined on input line 126.


LaTeX Warning: Reference `thm:leanexact' on page 2 undefined on input line 132.



LaTeX Warning: Reference `sec:lean' on page 2 undefined on input line 137.


LaTeX Warning: Reference `thm:moves' on page 2 undefined on input line 138.


LaTeX Warning: Reference `lem:primed' on page 2 undefined on input line 141.


LaTeX Warning: Reference `thm:score' on page 2 undefined on input line 143.


LaTeX Warning: Reference `thm:longest' on page 2 undefined on input line 147.


LaTeX Warning: Reference `prop:lastmove' on page 2 undefined on input line 149.



LaTeX Warning: Reference `thm:eight' on page 2 undefined on input line 151.


LaTeX Warning: Reference `sec:exact' on page 2 undefined on input line 154.


LaTeX Warning: Reference `sec:algorithm' on page 2 undefined on input line 158.



LaTeX Warning: Reference `thm:lines' on page 2 undefined on input line 160.


LaTeX Warning: Reference `sec:undo' on page 2 undefined on input line 164.

[2]

LaTeX Warning: Reference `sec:honest' on page 3 undefined on input line 166.


LaTeX Warning: Citation `langerman2016' on page 3 undefined on input line 175.


LaTeX Warning: Citation `abdelkader2016' on page 3 undefined on input line 177.



LaTeX Warning: Citation `mehta2014' on page 3 undefined on input line 178.


LaTeX Warning: Citation `eppstein2018' on page 3 undefined on input line 180.


LaTeX Warning: Reference `thm:score' on page 3 undefined on input line 187.


LaTeX Warning: Citation `ripa2014' on page 3 undefined on input line 192.


LaTeX Warning: Citation `ripaoeis2014' on page 3 undefined on input line 192.


LaTeX Warning: Citation `amo2014' on page 3 undefined on input line 194.


LaTeX Warning: Citation `szubert2014' on page 3 undefined on input line 201.


LaTeX Warning: Citation `wu2014' on page 3 undefined on input line 203.


LaTeX Warning: Citation `jaskowski2018' on page 3 undefined on input line 204.


LaTeX Warning: Citation `oka2016' on page 3 undefined on input line 206.


LaTeX Warning: Citation `matsuzaki2016' on page 3 undefined on input line 206.


LaTeX Warning: Citation `matsuzaki2017' on page 3 undefined on input line 206.


LaTeX Warning: Citation `matsuzaki2019' on page 3 undefined on input line 206.


LaTeX Warning: Citation `guei2020' on page 3 undefined on input line 207.


LaTeX Warning: Citation `guei2021' on page 3 undefined on input line 207.


LaTeX Warning: Citation `slizkov2023' on page 3 undefined on input line 209.


LaTeX Warning: Citation `leesmiller2017' on page 3 undefined on input line 213.



LaTeX Warning: Citation `leesmiller2017b' on page 3 undefined on input line 213
.


LaTeX Warning: Citation `leesmiller2018' on page 3 undefined on input line 213.



LaTeX Warning: Citation `yamashita2022' on page 3 undefined on input line 217.


LaTeX Warning: Citation `kaneko2026' on page 3 undefined on input line 218.


LaTeX Warning: Reference `sec:exact' on page 3 undefined on input line 224.


LaTeX Warning: Citation `daspaul2018' on page 3 undefined on input line 226.


LaTeX Warning: Citation `rodgers2014' on page 3 undefined on input line 231.


LaTeX Warning: Citation `kohler2019' on page 3 undefined on input line 234.


LaTeX Warning: Reference `thm:moves' on page 3 undefined on input line 236.


LaTeX Warning: Reference `thm:score' on page 3 undefined on input line 236.


LaTeX Warning: Reference `thm:longest' on page 3 undefined on input line 237.


LaTeX Warning: Reference `prop:lastmove' on page 3 undefined on input line 237.



LaTeX Warning: Reference `sec:recent' on page 3 undefined on input line 238.

[3]

LaTeX Warning: Citation `saligram2025' on page 4 undefined on input line 242.


LaTeX Warning: Citation `bai2025' on page 4 undefined on input line 246.


LaTeX Warning: Citation `probabilitysports' on page 4 undefined on input line 2
51.


LaTeX Warning: Reference `tab:honest' on page 4 undefined on input line 253.


LaTeX Warning: Reference `thm:moves' on page 4 undefined on input line 259.


LaTeX Warning: Reference `lem:primed' on page 4 undefined on input line 260.


LaTeX Warning: Reference `thm:score' on page 4 undefined on input line 263.


LaTeX Warning: Reference `thm:longest' on page 4 undefined on input line 265.


LaTeX Warning: Reference `prop:lastmove' on page 4 undefined on input line 266.



LaTeX Warning: Reference `thm:eight' on page 4 undefined on input line 267.


LaTeX Warning: Reference `prop:undo' on page 4 undefined on input line 268.


LaTeX Warning: Reference `tab:exact' on page 4 undefined on input line 269.


LaTeX Warning: Reference `sec:lean' on page 4 undefined on input line 272.

[4] [5]

LaTeX Warning: Reference `lem:mass' on page 6 undefined on input line 377.


LaTeX Warning: Citation `leesmiller2017' on page 6 undefined on input line 388.



LaTeX Warning: Reference `sec:algorithm' on page 6 undefined on input line 390.



LaTeX Warning: Reference `tab:exact' on page 6 undefined on input line 390.


LaTeX Warning: Reference `sec:lean' on page 6 undefined on input line 398.


LaTeX Warning: Reference `thm:moves' on page 6 undefined on input line 411.


LaTeX Warning: Reference `fig:lastmove' on page 6 undefined on input line 441.


LaTeX Warning: Reference `sec:algorithm' on page 6 undefined on input line 445.


[6]

LaTeX Warning: Reference `lem:mass' on page 7 undefined on input line 460.


LaTeX Warning: Reference `sec:algorithm' on page 7 undefined on input line 462.



LaTeX Warning: Citation `ershov1958' on page 7 undefined on input line 475.


LaTeX Warning: Citation `sethi1970' on page 7 undefined on input line 476.


LaTeX Warning: Citation `flajolet1979' on page 7 undefined on input line 477.


LaTeX Warning: Citation `paterson1970' on page 7 undefined on input line 478.

[7]

LaTeX Warning: Reference `lem:strahler' on page 8 undefined on input line 541.


LaTeX Warning: Reference `lem:tight' on page 8 undefined on input line 545.


LaTeX Warning: Reference `lem:score' on page 8 undefined on input line 553.


LaTeX Warning: Reference `eq:rank' on page 8 undefined on input line 557.


LaTeX Warning: Reference `eq:rank' on page 8 undefined on input line 588.

[8]

LaTeX Warning: Reference `lem:strahler' on page 9 undefined on input line 599.


LaTeX Warning: Reference `lem:tight' on page 9 undefined on input line 600.


LaTeX Warning: Citation `daspaul2018' on page 9 undefined on input line 605.


LaTeX Warning: Reference `eq:rank' on page 9 undefined on input line 622.


LaTeX Warning: Reference `eq:rank' on page 9 undefined on input line 625.


LaTeX Warning: Reference `lem:mass' on page 9 undefined on input line 625.


LaTeX Warning: Reference `lem:mass' on page 9 undefined on input line 639.


LaTeX Warning: Reference `thm:score' on page 9 undefined on input line 640.


LaTeX Warning: Reference `eq:rank' on page 9 undefined on input line 641.


LaTeX Warning: Reference `lem:score' on page 9 undefined on input line 650.


LaTeX Warning: Reference `conj' on page 9 undefined on input line 655.

[9]

LaTeX Warning: Reference `prop:lastmove' on page 10 undefined on input line 693
.


LaTeX Warning: Reference `tab:exact' on page 10 undefined on input line 694.


LaTeX Warning: Reference `fig:lastmove' on page 10 undefined on input line 699.



LaTeX Warning: Reference `sec:eight' on page 10 undefined on input line 702.


LaTeX Warning: Reference `lem:primed' on page 10 undefined on input line 713.


LaTeX Warning: Reference `lem:primed' on page 10 undefined on input line 713.


LaTeX Warning: Citation `kaneko2026' on page 10 undefined on input line 722.


LaTeX Warning: Reference `lem:score' on page 10 undefined on input line 726.


LaTeX Warning: Reference `lem:mass' on page 10 undefined on input line 728.

[10]

LaTeX Warning: Reference `cor:chain' on page 11 undefined on input line 757.


LaTeX Warning: Reference `thm:longest' on page 11 undefined on input line 757.


LaTeX Warning: Reference `thm:score' on page 11 undefined on input line 757.


LaTeX Warning: Citation `yamashita2022' on page 11 undefined on input line 757.



LaTeX Warning: Citation `kaneko2026' on page 11 undefined on input line 757.


LaTeX Warning: Reference `cor:chain' on page 11 undefined on input line 757.


LaTeX Warning: Reference `thm:longest' on page 11 undefined on input line 757.


LaTeX Warning: Reference `thm:score' on page 11 undefined on input line 757.


LaTeX Warning: Citation `yamashita2022' on page 11 undefined on input line 757.



LaTeX Warning: Citation `kaneko2026' on page 11 undefined on input line 757.


LaTeX Warning: Reference `tab:exact' on page 11 undefined on input line 761.


LaTeX Warning: Reference `thm:longest' on page 11 undefined on input line 766.


LaTeX Warning: Reference `thm:moves' on page 11 undefined on input line 767.


LaTeX Warning: Reference `tab:honest' on page 11 undefined on input line 778.


LaTeX Warning: Citation `probabilitysports' on page 11 undefined on input line 
799.


LaTeX Warning: Citation `probabilitysports' on page 11 undefined on input line 
799.


LaTeX Warning: Citation `leesmiller2017b' on page 11 undefined on input line 80
6.


LaTeX Warning: Reference `sec:algorithm' on page 11 undefined on input line 808
.

[11]

LaTeX Warning: Reference `thm:score' on page 12 undefined on input line 833.


LaTeX Warning: Reference `thm:longest' on page 12 undefined on input line 840.


LaTeX Warning: Reference `lem:strahler' on page 12 undefined on input line 847.



LaTeX Warning: Reference `thm:score' on page 12 undefined on input line 852.


LaTeX Warning: Reference `lem:mass' on page 12 undefined on input line 870.


LaTeX Warning: Reference `lem:primed' on page 12 undefined on input line 872.


LaTeX Warning: Reference `lem:mass' on page 12 undefined on input line 884.


LaTeX Warning: Reference `lem:score' on page 12 undefined on input line 884.

[12]

LaTeX Warning: Reference `fig:eight' on page 13 undefined on input line 896.


LaTeX Warning: Reference `fig:spiral' on page 13 undefined on input line 897.


LaTeX Warning: Reference `lem:primed' on page 13 undefined on input line 933.

[13]

LaTeX Warning: Reference `lem:strahler' on page 14 undefined on input line 948.



LaTeX Warning: Reference `prop:lastmove' on page 14 undefined on input line 955
.


LaTeX Warning: Reference `lem:mass' on page 14 undefined on input line 968.


LaTeX Warning: Reference `lem:score' on page 14 undefined on input line 969.


LaTeX Warning: Reference `prop:cert' on page 14 undefined on input line 973.


LaTeX Warning: Reference `thm:eight' on page 14 undefined on input line 974.


LaTeX Warning: Reference `thm:moves' on page 14 undefined on input line 977.


LaTeX Warning: Reference `lem:primed' on page 14 undefined on input line 978.


LaTeX Warning: Reference `cor:chain' on page 14 undefined on input line 980.


LaTeX Warning: Reference `cor:4x4' on page 14 undefined on input line 983.


LaTeX Warning: Reference `thm:longest' on page 14 undefined on input line 984.


LaTeX Warning: Reference `prop:cert' on page 14 undefined on input line 999.

[14] (./lean.tex

LaTeX Warning: Reference `sec:certificate' on page 15 undefined on input line 3
.


LaTeX Warning: Citation `demoura2021lean4' on page 15 undefined on input line 5
.

[15]

LaTeX Warning: Reference `eq:leanheavy' on page 16 undefined on input line 70.


LaTeX Warning: Reference `thm:leanexact' on page 16 undefined on input line 109
.


LaTeX Warning: Citation `lean2048artifact2026' on page 16 undefined on input li
ne 116.

[16]

LaTeX Warning: Citation `leanvalidation2026' on page 17 undefined on input line
 146.

)

LaTeX Warning: Reference `sec:undo' on page 17 undefined on input line 1040.


LaTeX Warning: Reference `thm:eight' on page 17 undefined on input line 1041.


LaTeX Warning: Reference `cor:top' on page 17 undefined on input line 1057.


LaTeX Warning: Reference `thm:eight' on page 17 undefined on input line 1057.


LaTeX Warning: Reference `cor:top' on page 17 undefined on input line 1057.


LaTeX Warning: Reference `thm:eight' on page 17 undefined on input line 1057.

[17]

LaTeX Warning: Reference `prop:lastmove' on page 18 undefined on input line 110
3.

[18]

LaTeX Warning: Reference `lem:equiv' on page 19 undefined on input line 1113.


LaTeX Warning: Reference `thm:lines' on page 19 undefined on input line 1114.


LaTeX Warning: Citation `nneonneo2014' on page 19 undefined on input line 1135.



LaTeX Warning: Citation `richardson2014' on page 19 undefined on input line 113
6.


LaTeX Warning: Reference `sec:open' on page 19 undefined on input line 1148.


LaTeX Warning: Reference `prop:lastmove' on page 19 undefined on input line 114
8.


LaTeX Warning: Reference `thm:eight' on page 19 undefined on input line 1160.

[19]

LaTeX Warning: Reference `lem:equiv' on page 20 undefined on input line 1205.


LaTeX Warning: Citation `nneonneo2014' on page 20 undefined on input line 1210.



LaTeX Warning: Citation `richardson2014' on page 20 undefined on input line 121
4.

[20]

LaTeX Warning: Citation `kaneko2026' on page 21 undefined on input line 1242.


LaTeX Warning: Citation `leesmiller2017c' on page 21 undefined on input line 12
47.


LaTeX Warning: Citation `leesmiller2017b' on page 21 undefined on input line 12
49.


LaTeX Warning: Reference `sec:exact' on page 21 undefined on input line 1253.


LaTeX Warning: Reference `tab:status' on page 21 undefined on input line 1256.


LaTeX Warning: Citation `kaneko2026' on page 21 undefined on input line 1264.


LaTeX Warning: Reference `tab:honest' on page 21 undefined on input line 1264.


LaTeX Warning: Citation `slizkov2023' on page 21 undefined on input line 1265.


LaTeX Warning: Citation `slizkov2023' on page 21 undefined on input line 1266.


LaTeX Warning: Citation `daspaul2018' on page 21 undefined on input line 1267.


LaTeX Warning: Reference `cor:toptile' on page 21 undefined on input line 1267.



LaTeX Warning: Reference `sec:certificate' on page 21 undefined on input line 1
267.


LaTeX Warning: Citation `daspaul2018' on page 21 undefined on input line 1267.


LaTeX Warning: Citation `leesmiller2017' on page 21 undefined on input line 126
8.


LaTeX Warning: Reference `thm:moves' on page 21 undefined on input line 1268.


LaTeX Warning: Reference `thm:leanexact' on page 21 undefined on input line 126
9.


LaTeX Warning: Reference `lem:primed' on page 21 undefined on input line 1269.


LaTeX Warning: Reference `thm:leanexact' on page 21 undefined on input line 127
0.


LaTeX Warning: Reference `thm:score' on page 21 undefined on input line 1271.


LaTeX Warning: Reference `thm:lines' on page 21 undefined on input line 1271.


LaTeX Warning: Reference `thm:longest' on page 21 undefined on input line 1272.



LaTeX Warning: Reference `thm:lines' on page 21 undefined on input line 1272.


LaTeX Warning: Reference `cor:chain' on page 21 undefined on input line 1273.


LaTeX Warning: Reference `sec:deductions' on page 21 undefined on input line 12
73.


LaTeX Warning: Reference `prop:lastmove' on page 21 undefined on input line 127
3.


LaTeX Warning: Reference `sec:deductions' on page 21 undefined on input line 12
74.


LaTeX Warning: Citation `leesmiller2017b' on page 21 undefined on input line 12
75.


LaTeX Warning: Reference `cor:toptile' on page 21 undefined on input line 1283.



LaTeX Warning: Citation `rodgers2014' on page 21 undefined on input line 1285.


LaTeX Warning: Citation `leesmiller2017c' on page 21 undefined on input line 12
86.


LaTeX Warning: Citation `daspaul2018' on page 21 undefined on input line 1288.


LaTeX Warning: Reference `prop:embedding' on page 21 undefined on input line 12
94.


LaTeX Warning: Reference `tab:exact' on page 21 undefined on input line 1299.


LaTeX Warning: Reference `sec:certificate' on page 21 undefined on input line 1
301.


LaTeX Warning: Reference `sec:lean' on page 21 undefined on input line 1302.


LaTeX Warning: Reference `sec:deductions' on page 21 undefined on input line 13
04.

[21] (./deductions.tex [22]

LaTeX Warning: Reference `thm:leanexact' on page 23 undefined on input line 26.


[23] [24] [25]

LaTeX Warning: Citation `ripa2014' on page 26 undefined on input line 265.


LaTeX Warning: Citation `ripaoeis2014' on page 26 undefined on input line 265.


LaTeX Warning: Reference `cor:chain' on page 26 undefined on input line 279.

[26] [27]

LaTeX Warning: Reference `tab:honest' on page 28 undefined on input line 401.

[28])

LaTeX Warning: Reference `tab:status' on page 29 undefined on input line 1342.


LaTeX Warning: Reference `sec:deductions' on page 29 undefined on input line 13
45.


LaTeX Warning: Reference `conj' on page 29 undefined on input line 1346.


LaTeX Warning: Reference `thm:moves' on page 29 undefined on input line 1356.


LaTeX Warning: Reference `thm:score' on page 29 undefined on input line 1356.


LaTeX Warning: Reference `thm:longest' on page 29 undefined on input line 1357.



LaTeX Warning: Reference `sec:deductions' on page 29 undefined on input line 13
63.


LaTeX Warning: Reference `lem:primed' on page 29 undefined on input line 1366.

[29]

LaTeX Warning: Reference `sec:lean' on page 30 undefined on input line 1391.


LaTeX Warning: Citation `superintelligence2026' on page 30 undefined on input l
ine 1399.


LaTeX Warning: Reference `tab:exact' on page 30 undefined on input line 1400.


LaTeX Warning: Reference `tab:honest' on page 30 undefined on input line 1401.


LaTeX Warning: Reference `lem:primed' on page 30 undefined on input line 1411.


LaTeX Warning: Reference `prop:lastmove' on page 30 undefined on input line 141
1.


LaTeX Warning: Reference `thm:eight' on page 30 undefined on input line 1412.


Underfull \hbox (badness 1048) in paragraph at lines 1399--1417
 []\OT1/cmr/bx/n/10.95 (+20) Executable wit-nesses and ex-per-i-ments.[] \OT1/c
mr/m/n/10.95 (+20) All code is in the repos-i-tory [[]]. \OT1/cmtt/m/n/10.95 no
de

Underfull \hbox (badness 1748) in paragraph at lines 1399--1417
\OT1/cmtt/m/n/10.95 ORIENT=col\OT1/cmr/m/n/10.95 (+20) ); \OT1/cmtt/m/n/10.95 p
ython3 verify/verify2048.py witness/131072.txt \OT1/cmr/m/n/10.95 (+20) checks 
a wit-ness in-

Underfull \hbox (badness 4713) in paragraph at lines 1399--1417
\OT1/cmr/m/n/10.95 (+20) de-pen-dently of ev-ery-thing else in the repos-i-tory
, and \OT1/cmtt/m/n/10.95 node test/replay[]engine.js
(./state-space.tex

LaTeX Warning: Reference `sec:lean' on page 30 undefined on input line 11.

[30]

LaTeX Warning: Reference `ss:latency' on page 31 undefined on input line 100.


LaTeX Warning: Reference `ss:causal' on page 31 undefined on input line 100.

[31]

LaTeX Warning: Reference `ss:inverse' on page 32 undefined on input line 136.


LaTeX Warning: Reference `ss:rank' on page 32 undefined on input line 172.


LaTeX Warning: Reference `ss:causal' on page 32 undefined on input line 173.

[32]

LaTeX Warning: Citation `leesmiller2017b' on page 33 undefined on input line 22
9.


LaTeX Warning: Citation `kaneko2026' on page 33 undefined on input line 230.


LaTeX Warning: Reference `thm:score' on page 33 undefined on input line 240.

) [33]
No file main.bbl.
[34] (./main.aux)
kpathsea: Running mktexpk --mfmode / --bdpi 600 --mag 1+0/600 --dpi 600 tcrm1095
mktexpk: Running mf-nowin -progname=mf \mode:=ljfour; mag:=1+0/600; nonstopmode; input tcrm1095
This is METAFONT, Version 2.71828182 (TeX Live 2023/Debian) (preloaded base=mf)

(/usr/share/texlive/texmf-dist/fonts/source/jknappen/ec/tcrm1095.mf
(/usr/share/texlive/texmf-dist/fonts/source/jknappen/ec/exbase.mf)
(/usr/share/texlive/texmf-dist/fonts/source/jknappen/ec/tcrm.mf
(/usr/share/texlive/texmf-dist/fonts/source/jknappen/ec/txsymb.mf
 Ok (/usr/share/texlive/texmf-dist/fonts/source/jknappen/ec/exaccess.mf
 Ok) (/usr/share/texlive/texmf-dist/fonts/source/jknappen/ec/txpseudo.mf
 Ok) (/usr/share/texlive/texmf-dist/fonts/source/jknappen/ec/txaccent.mf
 Ok [0] [1] [2] [3] [4] [5] [6] [7] [8] [9] [10] [11] [12] [27] [29])
(/usr/share/texlive/texmf-dist/fonts/source/jknappen/ec/txgen.mf
 Ok [100] [109] [98] [99] [108])
(/usr/share/texlive/texmf-dist/fonts/source/jknappen/ec/txsymbol.mf
 Ok [13] [18] [21] [22] [23] [24] [25] [26] [28] [31] [32] [36] [39] [44]
[45] [46] [42] [47] [60] [61] [62] [77] [79] [87] [110] [91] [93] [94] [95]
[96] [126] [127] [128] [129] [130] [131] [132] [133] [134] [135] [136] [137]
[138] [139] [140] [141] [142] [143] [144] [145] [146] [147] [148] [149]
[150] [151] [152] [153] [154] [155] [156] [157] [158] [159] [160] [161]
[162] [163] [164] [165] [166] [167] [168] [169] [171] [172] [173] [174]
[175] [177] [176] [180] [181] [182] [183] [184] [187] [191] [214] [246])
(/usr/share/texlive/texmf-dist/fonts/source/jknappen/ec/txromod.mf
 Ok [48] [49] [50] [51] [52] [53] [54] [55] [56] [57])
(/usr/share/texlive/texmf-dist/fonts/source/jknappen/ec/txrsuper.mf
 Ok [185] [178] [179] [170] [186])
(/usr/share/texlive/texmf-dist/fonts/source/jknappen/ec/txrfract.mf
 Ok [188] [189] [190]) ) ) )
(some charht values had to be adjusted by as much as 0.06952pt)
Font metrics written on tcrm1095.tfm.
Output written on tcrm1095.600gf (128 characters, 25592 bytes).
Transcript written on tcrm1095.log.
mktexpk: /home/runner/.texlive2023/texmf-var/fonts/pk/ljfour/jknappen/ec/tcrm1095.600pk: successfully generated.


LaTeX Warning: There were undefined references.


LaTeX Warning: Label(s) may have changed. Rerun to get cross-references right.


Package rerunfilecheck Warning: File `main.out' has changed.
(rerunfilecheck)                Rerun to get outlines right
(rerunfilecheck)                or use package `bookmark'.

 )
(see the transcript file for additional information) </home/runner/.texlive2023
/texmf-var/fonts/pk/ljfour/jknappen/ec/tcrm1095.600pk></usr/share/texlive/texmf
-dist/fonts/type1/public/amsfonts/cm/cmbx10.pfb></usr/share/texlive/texmf-dist/
fonts/type1/public/amsfonts/cm/cmbx12.pfb></usr/share/texlive/texmf-dist/fonts/
type1/public/amsfonts/cm/cmbx6.pfb></usr/share/texlive/texmf-dist/fonts/type1/p
ublic/amsfonts/cm/cmbx8.pfb></usr/share/texlive/texmf-dist/fonts/type1/public/a
msfonts/cm/cmbx9.pfb></usr/share/texlive/texmf-dist/fonts/type1/public/amsfonts
/cm/cmcsc10.pfb></usr/share/texlive/texmf-dist/fonts/type1/public/amsfonts/cm/c
mex10.pfb></usr/share/texlive/texmf-dist/fonts/type1/public/amsfonts/cm/cmmi10.
pfb></usr/share/texlive/texmf-dist/fonts/type1/public/amsfonts/cm/cmmi6.pfb></u
sr/share/texlive/texmf-dist/fonts/type1/public/amsfonts/cm/cmmi8.pfb></usr/shar
e/texlive/texmf-dist/fonts/type1/public/amsfonts/cm/cmmi9.pfb></usr/share/texli
ve/texmf-dist/fonts/type1/public/amsfonts/cm/cmr10.pfb></usr/share/texlive/texm
f-dist/fonts/type1/public/amsfonts/cm/cmr12.pfb></usr/share/texlive/texmf-dist/
fonts/type1/public/amsfonts/cm/cmr17.pfb></usr/share/texlive/texmf-dist/fonts/t
ype1/public/amsfonts/cm/cmr6.pfb></usr/share/texlive/texmf-dist/fonts/type1/pub
lic/amsfonts/cm/cmr8.pfb></usr/share/texlive/texmf-dist/fonts/type1/public/amsf
onts/cm/cmr9.pfb></usr/share/texlive/texmf-dist/fonts/type1/public/amsfonts/cm/
cmsy10.pfb></usr/share/texlive/texmf-dist/fonts/type1/public/amsfonts/cm/cmsy6.
pfb></usr/share/texlive/texmf-dist/fonts/type1/public/amsfonts/cm/cmsy8.pfb></u
sr/share/texlive/texmf-dist/fonts/type1/public/amsfonts/cm/cmsy9.pfb></usr/shar
e/texlive/texmf-dist/fonts/type1/public/amsfonts/cm/cmti10.pfb></usr/share/texl
ive/texmf-dist/fonts/type1/public/amsfonts/cm/cmtt10.pfb></usr/share/texlive/te
xmf-dist/fonts/type1/public/amsfonts/cm/cmtt9.pfb></usr/share/texlive/texmf-dis
t/fonts/type1/public/amsfonts/symbols/msbm10.pfb>
Output written on main.pdf (34 pages, 492295 bytes).
Transcript written on main.log.
Latexmk: Missing bbl file 'main.bbl' in following:
 No file main.bbl.
Latexmk: Getting log file 'main.log'
Latexmk: Examining 'main.fls'
Latexmk: Examining 'main.log'
Latexmk: References changed.
Latexmk: References changed.
Latexmk: Log file says output to 'main.pdf'
Latexmk: Found bibliography file(s):
  ./refs.bib
Latexmk: applying rule 'bibtex main'...
Rule 'bibtex main':  Reasons for rerun
Category 'other':
  Rerun of 'bibtex main' forced or previously required:
    Reason or flag: 'Initial set up of rule'

------------
Run number 1 of rule 'bibtex main'
------------
------------
Running 'bibtex  "main.aux"'
------------
This is BibTeX, Version 0.99d (TeX Live 2023/Debian)
The top-level auxiliary file: main.aux
The style file: plain.bst
Database file #1: refs.bib
Latexmk: applying rule 'pdflatex'...
Rule 'pdflatex':  Reasons for rerun
Changed files or newly in use/created:
  main.aux
  main.bbl
  main.out

------------
Run number 2 of rule 'pdflatex'
------------
------------
Running 'pdflatex  -interaction=nonstopmode -halt-on-error -file-line-error -recorder  "main.tex"'
------------
This is pdfTeX, Version 3.141592653-2.6-1.40.25 (TeX Live 2023/Debian) (preloaded format=pdflatex)
 restricted \write18 enabled.
entering extended mode
(./main.tex
LaTeX2e <2023-11-01> patch level 1
L3 programming layer <2024-01-22>
(/usr/share/texlive/texmf-dist/tex/latex/base/article.cls
Document Class: article 2023/05/17 v1.4n Standard LaTeX document class
(/usr/share/texlive/texmf-dist/tex/latex/base/size11.clo))
(/usr/share/texlive/texmf-dist/tex/latex/geometry/geometry.sty
(/usr/share/texlive/texmf-dist/tex/latex/graphics/keyval.sty)
(/usr/share/texlive/texmf-dist/tex/generic/iftex/ifvtex.sty
(/usr/share/texlive/texmf-dist/tex/generic/iftex/iftex.sty)))
(/usr/share/texlive/texmf-dist/tex/latex/amsmath/amsmath.sty
For additional information on amsmath, use the `?' option.
(/usr/share/texlive/texmf-dist/tex/latex/amsmath/amstext.sty
(/usr/share/texlive/texmf-dist/tex/latex/amsmath/amsgen.sty))
(/usr/share/texlive/texmf-dist/tex/latex/amsmath/amsbsy.sty)
(/usr/share/texlive/texmf-dist/tex/latex/amsmath/amsopn.sty))
(/usr/share/texlive/texmf-dist/tex/latex/amsfonts/amssymb.sty
(/usr/share/texlive/texmf-dist/tex/latex/amsfonts/amsfonts.sty))
(/usr/share/texlive/texmf-dist/tex/latex/amscls/amsthm.sty)
(/usr/share/texlive/texmf-dist/tex/latex/booktabs/booktabs.sty)
(/usr/share/texlive/texmf-dist/tex/latex/tools/array.sty)
(/usr/share/texlive/texmf-dist/tex/latex/microtype/microtype.sty
(/usr/share/texlive/texmf-dist/tex/latex/etoolbox/etoolbox.sty)
(/usr/share/texlive/texmf-dist/tex/latex/microtype/microtype-pdftex.def)
(/usr/share/texlive/texmf-dist/tex/latex/microtype/microtype.cfg))
(/usr/share/texlive/texmf-dist/tex/latex/xcolor/xcolor.sty
(/usr/share/texlive/texmf-dist/tex/latex/graphics-cfg/color.cfg)
(/usr/share/texlive/texmf-dist/tex/latex/graphics-def/pdftex.def)
(/usr/share/texlive/texmf-dist/tex/latex/graphics/mathcolor.ltx))
(/usr/share/texlive/texmf-dist/tex/latex/pgf/frontendlayer/tikz.sty
(/usr/share/texlive/texmf-dist/tex/latex/pgf/basiclayer/pgf.sty
(/usr/share/texlive/texmf-dist/tex/latex/pgf/utilities/pgfrcs.sty
(/usr/share/texlive/texmf-dist/tex/generic/pgf/utilities/pgfutil-common.tex)
(/usr/share/texlive/texmf-dist/tex/generic/pgf/utilities/pgfutil-latex.def)
(/usr/share/texlive/texmf-dist/tex/generic/pgf/utilities/pgfrcs.code.tex
(/usr/share/texlive/texmf-dist/tex/generic/pgf/pgf.revision.tex)))
(/usr/share/texlive/texmf-dist/tex/latex/pgf/basiclayer/pgfcore.sty
(/usr/share/texlive/texmf-dist/tex/latex/graphics/graphicx.sty
(/usr/share/texlive/texmf-dist/tex/latex/graphics/graphics.sty
(/usr/share/texlive/texmf-dist/tex/latex/graphics/trig.sty)
(/usr/share/texlive/texmf-dist/tex/latex/graphics-cfg/graphics.cfg)))
(/usr/share/texlive/texmf-dist/tex/latex/pgf/systemlayer/pgfsys.sty
(/usr/share/texlive/texmf-dist/tex/generic/pgf/systemlayer/pgfsys.code.tex
(/usr/share/texlive/texmf-dist/tex/generic/pgf/utilities/pgfkeys.code.tex
(/usr/share/texlive/texmf-dist/tex/generic/pgf/utilities/pgfkeyslibraryfiltered
.code.tex)) (/usr/share/texlive/texmf-dist/tex/generic/pgf/systemlayer/pgf.cfg)
(/usr/share/texlive/texmf-dist/tex/generic/pgf/systemlayer/pgfsys-pdftex.def
(/usr/share/texlive/texmf-dist/tex/generic/pgf/systemlayer/pgfsys-common-pdf.de
f)))
(/usr/share/texlive/texmf-dist/tex/generic/pgf/systemlayer/pgfsyssoftpath.code.
tex)
(/usr/share/texlive/texmf-dist/tex/generic/pgf/systemlayer/pgfsysprotocol.code.
tex))
(/usr/share/texlive/texmf-dist/tex/generic/pgf/basiclayer/pgfcore.code.tex
(/usr/share/texlive/texmf-dist/tex/generic/pgf/math/pgfmath.code.tex
(/usr/share/texlive/texmf-dist/tex/generic/pgf/math/pgfmathutil.code.tex)
(/usr/share/texlive/texmf-dist/tex/generic/pgf/math/pgfmathparser.code.tex)
(/usr/share/texlive/texmf-dist/tex/generic/pgf/math/pgfmathfunctions.code.tex)
(/usr/share/texlive/texmf-dist/tex/generic/pgf/math/pgfmathfunctions.basic.code
.tex)
(/usr/share/texlive/texmf-dist/tex/generic/pgf/math/pgfmathfunctions.trigonomet
ric.code.tex)
(/usr/share/texlive/texmf-dist/tex/generic/pgf/math/pgfmathfunctions.random.cod
e.tex)
(/usr/share/texlive/texmf-dist/tex/generic/pgf/math/pgfmathfunctions.comparison
.code.tex)
(/usr/share/texlive/texmf-dist/tex/generic/pgf/math/pgfmathfunctions.base.code.
tex)
(/usr/share/texlive/texmf-dist/tex/generic/pgf/math/pgfmathfunctions.round.code
.tex)
(/usr/share/texlive/texmf-dist/tex/generic/pgf/math/pgfmathfunctions.misc.code.
tex)
(/usr/share/texlive/texmf-dist/tex/generic/pgf/math/pgfmathfunctions.integerari
thmetics.code.tex)
(/usr/share/texlive/texmf-dist/tex/generic/pgf/math/pgfmathcalc.code.tex)
(/usr/share/texlive/texmf-dist/tex/generic/pgf/math/pgfmathfloat.code.tex))
(/usr/share/texlive/texmf-dist/tex/generic/pgf/math/pgfint.code.tex)
(/usr/share/texlive/texmf-dist/tex/generic/pgf/basiclayer/pgfcorepoints.code.te
x)
(/usr/share/texlive/texmf-dist/tex/generic/pgf/basiclayer/pgfcorepathconstruct.
code.tex)
(/usr/share/texlive/texmf-dist/tex/generic/pgf/basiclayer/pgfcorepathusage.code
.tex)
(/usr/share/texlive/texmf-dist/tex/generic/pgf/basiclayer/pgfcorescopes.code.te
x)
(/usr/share/texlive/texmf-dist/tex/generic/pgf/basiclayer/pgfcoregraphicstate.c
ode.tex)
(/usr/share/texlive/texmf-dist/tex/generic/pgf/basiclayer/pgfcoretransformation
s.code.tex)
(/usr/share/texlive/texmf-dist/tex/generic/pgf/basiclayer/pgfcorequick.code.tex
)
(/usr/share/texlive/texmf-dist/tex/generic/pgf/basiclayer/pgfcoreobjects.code.t
ex)
(/usr/share/texlive/texmf-dist/tex/generic/pgf/basiclayer/pgfcorepathprocessing
.code.tex)
(/usr/share/texlive/texmf-dist/tex/generic/pgf/basiclayer/pgfcorearrows.code.te
x)
(/usr/share/texlive/texmf-dist/tex/generic/pgf/basiclayer/pgfcoreshade.code.tex
)
(/usr/share/texlive/texmf-dist/tex/generic/pgf/basiclayer/pgfcoreimage.code.tex
)
(/usr/share/texlive/texmf-dist/tex/generic/pgf/basiclayer/pgfcoreexternal.code.
tex)
(/usr/share/texlive/texmf-dist/tex/generic/pgf/basiclayer/pgfcorelayers.code.te
x)
(/usr/share/texlive/texmf-dist/tex/generic/pgf/basiclayer/pgfcoretransparency.c
ode.tex)
(/usr/share/texlive/texmf-dist/tex/generic/pgf/basiclayer/pgfcorepatterns.code.
tex)
(/usr/share/texlive/texmf-dist/tex/generic/pgf/basiclayer/pgfcorerdf.code.tex))
)
(/usr/share/texlive/texmf-dist/tex/generic/pgf/modules/pgfmoduleshapes.code.tex
) (/usr/share/texlive/texmf-dist/tex/generic/pgf/modules/pgfmoduleplot.code.tex
)
(/usr/share/texlive/texmf-dist/tex/latex/pgf/compatibility/pgfcomp-version-0-65
.sty)
(/usr/share/texlive/texmf-dist/tex/latex/pgf/compatibility/pgfcomp-version-1-18
.sty)) (/usr/share/texlive/texmf-dist/tex/latex/pgf/utilities/pgffor.sty
(/usr/share/texlive/texmf-dist/tex/latex/pgf/utilities/pgfkeys.sty
(/usr/share/texlive/texmf-dist/tex/generic/pgf/utilities/pgfkeys.code.tex))
(/usr/share/texlive/texmf-dist/tex/latex/pgf/math/pgfmath.sty
(/usr/share/texlive/texmf-dist/tex/generic/pgf/math/pgfmath.code.tex))
(/usr/share/texlive/texmf-dist/tex/generic/pgf/utilities/pgffor.code.tex))
(/usr/share/texlive/texmf-dist/tex/generic/pgf/frontendlayer/tikz/tikz.code.tex

(/usr/share/texlive/texmf-dist/tex/generic/pgf/libraries/pgflibraryplothandlers
.code.tex)
(/usr/share/texlive/texmf-dist/tex/generic/pgf/modules/pgfmodulematrix.code.tex
)
(/usr/share/texlive/texmf-dist/tex/generic/pgf/frontendlayer/tikz/libraries/tik
zlibrarytopaths.code.tex)))
(/usr/share/texlive/texmf-dist/tex/generic/pgf/libraries/pgflibraryarrows.meta.
code.tex) (/usr/share/texlive/texmf-dist/tex/latex/hyperref/hyperref.sty
(/usr/share/texlive/texmf-dist/tex/latex/kvsetkeys/kvsetkeys.sty)
(/usr/share/texlive/texmf-dist/tex/generic/kvdefinekeys/kvdefinekeys.sty)
(/usr/share/texlive/texmf-dist/tex/generic/pdfescape/pdfescape.sty
(/usr/share/texlive/texmf-dist/tex/generic/ltxcmds/ltxcmds.sty)
(/usr/share/texlive/texmf-dist/tex/generic/pdftexcmds/pdftexcmds.sty
(/usr/share/texlive/texmf-dist/tex/generic/infwarerr/infwarerr.sty)))
(/usr/share/texlive/texmf-dist/tex/latex/hycolor/hycolor.sty)
(/usr/share/texlive/texmf-dist/tex/latex/auxhook/auxhook.sty)
(/usr/share/texlive/texmf-dist/tex/latex/hyperref/nameref.sty
(/usr/share/texlive/texmf-dist/tex/latex/refcount/refcount.sty)
(/usr/share/texlive/texmf-dist/tex/generic/gettitlestring/gettitlestring.sty
(/usr/share/texlive/texmf-dist/tex/latex/kvoptions/kvoptions.sty)))
(/usr/share/texlive/texmf-dist/tex/latex/hyperref/pd1enc.def)
(/usr/share/texlive/texmf-dist/tex/generic/intcalc/intcalc.sty)
(/usr/share/texlive/texmf-dist/tex/latex/hyperref/puenc.def)
(/usr/share/texlive/texmf-dist/tex/latex/url/url.sty)
(/usr/share/texlive/texmf-dist/tex/generic/bitset/bitset.sty
(/usr/share/texlive/texmf-dist/tex/generic/bigintcalc/bigintcalc.sty))
(/usr/share/texlive/texmf-dist/tex/latex/base/atbegshi-ltx.sty))
(/usr/share/texlive/texmf-dist/tex/latex/hyperref/hpdftex.def
(/usr/share/texlive/texmf-dist/tex/latex/base/atveryend-ltx.sty)
(/usr/share/texlive/texmf-dist/tex/latex/rerunfilecheck/rerunfilecheck.sty
(/usr/share/texlive/texmf-dist/tex/generic/uniquecounter/uniquecounter.sty)))
(/usr/share/texlive/texmf-dist/tex/latex/enumitem/enumitem.sty) (./figs.tex)
(./author.tex)
(/usr/share/texlive/texmf-dist/tex/latex/l3backend/l3backend-pdftex.def)
(./main.aux)
*geometry* driver: auto-detecting
*geometry* detected driver: pdftex
(/usr/share/texlive/texmf-dist/tex/latex/microtype/mt-cmr.cfg)
(/usr/share/texlive/texmf-dist/tex/context/base/mkii/supp-pdf.mkii
[Loading MPS to PDF converter (version 2006.09.02).]
) (/usr/share/texlive/texmf-dist/tex/latex/epstopdf-pkg/epstopdf-base.sty
(/usr/share/texlive/texmf-dist/tex/latex/latexconfig/epstopdf-sys.cfg))
(./main.out) (./main.out)
(/usr/share/texlive/texmf-dist/tex/latex/amsfonts/umsa.fd)
(/usr/share/texlive/texmf-dist/tex/latex/microtype/mt-msa.cfg)
(/usr/share/texlive/texmf-dist/tex/latex/amsfonts/umsb.fd)
(/usr/share/texlive/texmf-dist/tex/latex/microtype/mt-msb.cfg)

LaTeX Warning: Citation `cirulli2014' on page 1 undefined on input line 84.


LaTeX Warning: Citation `menghrajani2014' on page 1 undefined on input line 91.


[1{/var/lib/texmf/fonts/map/pdftex/updmap/pdftex.map}]

LaTeX Warning: Citation `rodgers2014' on page 2 undefined on input line 117.


LaTeX Warning: Citation `leesmiller2017c' on page 2 undefined on input line 117
.


LaTeX Warning: Citation `daspaul2018' on page 2 undefined on input line 118.


LaTeX Warning: Citation `ripa2014' on page 2 undefined on input line 126.


LaTeX Warning: Citation `ripaoeis2014' on page 2 undefined on input line 126.

[2]

LaTeX Warning: Citation `langerman2016' on page 3 undefined on input line 175.


LaTeX Warning: Citation `abdelkader2016' on page 3 undefined on input line 177.



LaTeX Warning: Citation `mehta2014' on page 3 undefined on input line 178.


LaTeX Warning: Citation `eppstein2018' on page 3 undefined on input line 180.


LaTeX Warning: Citation `ripa2014' on page 3 undefined on input line 192.


LaTeX Warning: Citation `ripaoeis2014' on page 3 undefined on input line 192.


LaTeX Warning: Citation `amo2014' on page 3 undefined on input line 194.


LaTeX Warning: Citation `szubert2014' on page 3 undefined on input line 201.


LaTeX Warning: Citation `wu2014' on page 3 undefined on input line 203.


LaTeX Warning: Citation `jaskowski2018' on page 3 undefined on input line 204.


LaTeX Warning: Citation `oka2016' on page 3 undefined on input line 206.


LaTeX Warning: Citation `matsuzaki2016' on page 3 undefined on input line 206.


LaTeX Warning: Citation `matsuzaki2017' on page 3 undefined on input line 206.


LaTeX Warning: Citation `matsuzaki2019' on page 3 undefined on input line 206.


LaTeX Warning: Citation `guei2020' on page 3 undefined on input line 207.


LaTeX Warning: Citation `guei2021' on page 3 undefined on input line 207.


LaTeX Warning: Citation `slizkov2023' on page 3 undefined on input line 209.


LaTeX Warning: Citation `leesmiller2017' on page 3 undefined on input line 213.



LaTeX Warning: Citation `leesmiller2017b' on page 3 undefined on input line 213
.


LaTeX Warning: Citation `leesmiller2018' on page 3 undefined on input line 213.



LaTeX Warning: Citation `yamashita2022' on page 3 undefined on input line 217.


LaTeX Warning: Citation `kaneko2026' on page 3 undefined on input line 218.


LaTeX Warning: Citation `daspaul2018' on page 3 undefined on input line 226.


LaTeX Warning: Citation `rodgers2014' on page 3 undefined on input line 231.


LaTeX Warning: Citation `kohler2019' on page 3 undefined on input line 234.

[3]

LaTeX Warning: Citation `saligram2025' on page 4 undefined on input line 242.


LaTeX Warning: Citation `bai2025' on page 4 undefined on input line 246.


LaTeX Warning: Citation `probabilitysports' on page 4 undefined on input line 2
51.

[4] [5]

LaTeX Warning: Citation `leesmiller2017' on page 6 undefined on input line 388.


[6]

LaTeX Warning: Citation `ershov1958' on page 7 undefined on input line 475.


LaTeX Warning: Citation `sethi1970' on page 7 undefined on input line 476.


LaTeX Warning: Citation `flajolet1979' on page 7 undefined on input line 477.


LaTeX Warning: Citation `paterson1970' on page 7 undefined on input line 478.

[7] [8]

LaTeX Warning: Citation `daspaul2018' on page 9 undefined on input line 605.

[9]

LaTeX Warning: Citation `kaneko2026' on page 10 undefined on input line 722.

[10]

LaTeX Warning: Citation `yamashita2022' on page 11 undefined on input line 757.



LaTeX Warning: Citation `kaneko2026' on page 11 undefined on input line 757.


LaTeX Warning: Citation `yamashita2022' on page 11 undefined on input line 757.



LaTeX Warning: Citation `kaneko2026' on page 11 undefined on input line 757.


LaTeX Warning: Citation `probabilitysports' on page 11 undefined on input line 
799.


LaTeX Warning: Citation `probabilitysports' on page 11 undefined on input line 
799.


LaTeX Warning: Citation `leesmiller2017b' on page 11 undefined on input line 80
6.

[11] [12] [13] [14] (./lean.tex

LaTeX Warning: Citation `demoura2021lean4' on page 15 undefined on input line 5
.

[15]

LaTeX Warning: Citation `lean2048artifact2026' on page 16 undefined on input li
ne 116.

[16]

LaTeX Warning: Citation `leanvalidation2026' on page 17 undefined on input line
 146.

) [17] [18]

LaTeX Warning: Citation `nneonneo2014' on page 19 undefined on input line 1135.



LaTeX Warning: Citation `richardson2014' on page 19 undefined on input line 113
6.

[19]

LaTeX Warning: Citation `nneonneo2014' on page 20 undefined on input line 1210.



LaTeX Warning: Citation `richardson2014' on page 20 undefined on input line 121
4.


LaTeX Warning: Citation `kaneko2026' on page 20 undefined on input line 1242.


LaTeX Warning: Citation `leesmiller2017c' on page 20 undefined on input line 12
47.


LaTeX Warning: Citation `leesmiller2017b' on page 20 undefined on input line 12
49.

[20]

LaTeX Warning: Citation `kaneko2026' on page 21 undefined on input line 1264.


LaTeX Warning: Citation `slizkov2023' on page 21 undefined on input line 1265.


LaTeX Warning: Citation `slizkov2023' on page 21 undefined on input line 1266.


LaTeX Warning: Citation `daspaul2018' on page 21 undefined on input line 1267.


LaTeX Warning: Citation `daspaul2018' on page 21 undefined on input line 1267.


LaTeX Warning: Citation `leesmiller2017' on page 21 undefined on input line 126
8.


LaTeX Warning: Citation `leesmiller2017b' on page 21 undefined on input line 12
75.


LaTeX Warning: Citation `rodgers2014' on page 21 undefined on input line 1285.


LaTeX Warning: Citation `leesmiller2017c' on page 21 undefined on input line 12
86.


LaTeX Warning: Citation `daspaul2018' on page 21 undefined on input line 1288.

[21] (./deductions.tex [22] [23] [24] [25]

LaTeX Warning: Citation `ripa2014' on page 26 undefined on input line 265.


LaTeX Warning: Citation `ripaoeis2014' on page 26 undefined on input line 265.

[26] [27]) [28]

LaTeX Warning: Citation `superintelligence2026' on page 29 undefined on input l
ine 1399.


Underfull \hbox (badness 1048) in paragraph at lines 1399--1417
 []\OT1/cmr/bx/n/10.95 (+20) Executable wit-nesses and ex-per-i-ments.[] \OT1/c
mr/m/n/10.95 (+20) All code is in the repos-i-tory [[]]. \OT1/cmtt/m/n/10.95 no
de

Underfull \hbox (badness 1748) in paragraph at lines 1399--1417
\OT1/cmtt/m/n/10.95 ORIENT=col\OT1/cmr/m/n/10.95 (+20) ); \OT1/cmtt/m/n/10.95 p
ython3 verify/verify2048.py witness/131072.txt \OT1/cmr/m/n/10.95 (+20) checks 
a wit-ness in-

Underfull \hbox (badness 4713) in paragraph at lines 1399--1417
\OT1/cmr/m/n/10.95 (+20) de-pen-dently of ev-ery-thing else in the repos-i-tory
, and \OT1/cmtt/m/n/10.95 node test/replay[]engine.js
[29] (./state-space.tex [30] [31] [32]

LaTeX Warning: Citation `leesmiller2017b' on page 33 undefined on input line 22
9.


LaTeX Warning: Citation `kaneko2026' on page 33 undefined on input line 230.

) (./main.bbl [33]
Underfull \hbox (badness 1648) in paragraph at lines 27--30
[]\OT1/cmr/m/n/10.95 (+20) Dominic Dabish.  2048 Su-per-in-tel-li-gence.  []$\O
T1/cmtt/m/n/10.95 https : / / github . com / DomTheDeveloper /

Underfull \hbox (badness 1275) in paragraph at lines 32--39
[]\OT1/cmr/m/n/10.95 (+20) Dominic Dabish.  Lean-checked reach-a-bil-ity and ex
-act min-i-mum move counts for

Underfull \hbox (badness 1796) in paragraph at lines 54--59
[]\OT1/cmr/m/n/10.95 (+20) David Epp-stein.  Mak-ing change in 2048.  In \OT1/c
mr/m/it/10.95 (+20) 9th In-ter-na-tional Con-fer-ence on

Underfull \hbox (badness 1210) in paragraph at lines 54--59
\OT1/cmr/m/it/10.95 (+20) Fun with Al-go-rithms (FUN 2018)\OT1/cmr/m/n/10.95 (+
20) , vol-ume 100 of \OT1/cmr/m/it/10.95 (+20) LIPIcs\OT1/cmr/m/n/10.95 (+20) ,
 pages 21:1--21:13, 2018.
[34] [35]) [36] (./main.aux)

LaTeX Warning: There were undefined references.


LaTeX Warning: Label(s) may have changed. Rerun to get cross-references right.

 )
(see the transcript file for additional information) </home/runner/.texlive2023
/texmf-var/fonts/pk/ljfour/jknappen/ec/tcrm1095.600pk></usr/share/texlive/texmf
-dist/fonts/type1/public/amsfonts/cm/cmbx10.pfb></usr/share/texlive/texmf-dist/
fonts/type1/public/amsfonts/cm/cmbx12.pfb></usr/share/texlive/texmf-dist/fonts/
type1/public/amsfonts/cm/cmbx6.pfb></usr/share/texlive/texmf-dist/fonts/type1/p
ublic/amsfonts/cm/cmbx8.pfb></usr/share/texlive/texmf-dist/fonts/type1/public/a
msfonts/cm/cmbx9.pfb></usr/share/texlive/texmf-dist/fonts/type1/public/amsfonts
/cm/cmcsc10.pfb></usr/share/texlive/texmf-dist/fonts/type1/public/amsfonts/cm/c
mex10.pfb></usr/share/texlive/texmf-dist/fonts/type1/public/amsfonts/cm/cmmi10.
pfb></usr/share/texlive/texmf-dist/fonts/type1/public/amsfonts/cm/cmmi6.pfb></u
sr/share/texlive/texmf-dist/fonts/type1/public/amsfonts/cm/cmmi8.pfb></usr/shar
e/texlive/texmf-dist/fonts/type1/public/amsfonts/cm/cmmi9.pfb></usr/share/texli
ve/texmf-dist/fonts/type1/public/amsfonts/cm/cmr10.pfb></usr/share/texlive/texm
f-dist/fonts/type1/public/amsfonts/cm/cmr12.pfb></usr/share/texlive/texmf-dist/
fonts/type1/public/amsfonts/cm/cmr17.pfb></usr/share/texlive/texmf-dist/fonts/t
ype1/public/amsfonts/cm/cmr6.pfb></usr/share/texlive/texmf-dist/fonts/type1/pub
lic/amsfonts/cm/cmr8.pfb></usr/share/texlive/texmf-dist/fonts/type1/public/amsf
onts/cm/cmr9.pfb></usr/share/texlive/texmf-dist/fonts/type1/public/amsfonts/cm/
cmsy10.pfb></usr/share/texlive/texmf-dist/fonts/type1/public/amsfonts/cm/cmsy6.
pfb></usr/share/texlive/texmf-dist/fonts/type1/public/amsfonts/cm/cmsy8.pfb></u
sr/share/texlive/texmf-dist/fonts/type1/public/amsfonts/cm/cmsy9.pfb></usr/shar
e/texlive/texmf-dist/fonts/type1/public/amsfonts/cm/cmti10.pfb></usr/share/texl
ive/texmf-dist/fonts/type1/public/amsfonts/cm/cmtt10.pfb></usr/share/texlive/te
xmf-dist/fonts/type1/public/amsfonts/cm/cmtt9.pfb></usr/share/texlive/texmf-dis
t/fonts/type1/public/amsfonts/symbols/msbm10.pfb>
Output written on main.pdf (36 pages, 512429 bytes).
Transcript written on main.log.
Latexmk: Getting log file 'main.log'
Latexmk: Examining 'main.fls'
Latexmk: Examining 'main.log'
Latexmk: Found input bbl file 'main.bbl'
Latexmk: References changed.
Latexmk: Log file says output to 'main.pdf'
Latexmk: Found bibliography file(s):
  ./refs.bib
Latexmk: applying rule 'bibtex main'...
Rule 'bibtex main':  Reasons for rerun
Changed files or newly in use/created:
  main.aux

------------
Run number 2 of rule 'bibtex main'
------------
------------
Running 'bibtex  "main.aux"'
------------
This is BibTeX, Version 0.99d (TeX Live 2023/Debian)
The top-level auxiliary file: main.aux
The style file: plain.bst
Database file #1: refs.bib
Latexmk: applying rule 'pdflatex'...
Rule 'pdflatex':  Reasons for rerun
Changed files or newly in use/created:
  main.aux

------------
Run number 3 of rule 'pdflatex'
------------
------------
Running 'pdflatex  -interaction=nonstopmode -halt-on-error -file-line-error -recorder  "main.tex"'
------------
This is pdfTeX, Version 3.141592653-2.6-1.40.25 (TeX Live 2023/Debian) (preloaded format=pdflatex)
 restricted \write18 enabled.
entering extended mode
(./main.tex
LaTeX2e <2023-11-01> patch level 1
L3 programming layer <2024-01-22>
(/usr/share/texlive/texmf-dist/tex/latex/base/article.cls
Document Class: article 2023/05/17 v1.4n Standard LaTeX document class
(/usr/share/texlive/texmf-dist/tex/latex/base/size11.clo))
(/usr/share/texlive/texmf-dist/tex/latex/geometry/geometry.sty
(/usr/share/texlive/texmf-dist/tex/latex/graphics/keyval.sty)
(/usr/share/texlive/texmf-dist/tex/generic/iftex/ifvtex.sty
(/usr/share/texlive/texmf-dist/tex/generic/iftex/iftex.sty)))
(/usr/share/texlive/texmf-dist/tex/latex/amsmath/amsmath.sty
For additional information on amsmath, use the `?' option.
(/usr/share/texlive/texmf-dist/tex/latex/amsmath/amstext.sty
(/usr/share/texlive/texmf-dist/tex/latex/amsmath/amsgen.sty))
(/usr/share/texlive/texmf-dist/tex/latex/amsmath/amsbsy.sty)
(/usr/share/texlive/texmf-dist/tex/latex/amsmath/amsopn.sty))
(/usr/share/texlive/texmf-dist/tex/latex/amsfonts/amssymb.sty
(/usr/share/texlive/texmf-dist/tex/latex/amsfonts/amsfonts.sty))
(/usr/share/texlive/texmf-dist/tex/latex/amscls/amsthm.sty)
(/usr/share/texlive/texmf-dist/tex/latex/booktabs/booktabs.sty)
(/usr/share/texlive/texmf-dist/tex/latex/tools/array.sty)
(/usr/share/texlive/texmf-dist/tex/latex/microtype/microtype.sty
(/usr/share/texlive/texmf-dist/tex/latex/etoolbox/etoolbox.sty)
(/usr/share/texlive/texmf-dist/tex/latex/microtype/microtype-pdftex.def)
(/usr/share/texlive/texmf-dist/tex/latex/microtype/microtype.cfg))
(/usr/share/texlive/texmf-dist/tex/latex/xcolor/xcolor.sty
(/usr/share/texlive/texmf-dist/tex/latex/graphics-cfg/color.cfg)
(/usr/share/texlive/texmf-dist/tex/latex/graphics-def/pdftex.def)
(/usr/share/texlive/texmf-dist/tex/latex/graphics/mathcolor.ltx))
(/usr/share/texlive/texmf-dist/tex/latex/pgf/frontendlayer/tikz.sty
(/usr/share/texlive/texmf-dist/tex/latex/pgf/basiclayer/pgf.sty
(/usr/share/texlive/texmf-dist/tex/latex/pgf/utilities/pgfrcs.sty
(/usr/share/texlive/texmf-dist/tex/generic/pgf/utilities/pgfutil-common.tex)
(/usr/share/texlive/texmf-dist/tex/generic/pgf/utilities/pgfutil-latex.def)
(/usr/share/texlive/texmf-dist/tex/generic/pgf/utilities/pgfrcs.code.tex
(/usr/share/texlive/texmf-dist/tex/generic/pgf/pgf.revision.tex)))
(/usr/share/texlive/texmf-dist/tex/latex/pgf/basiclayer/pgfcore.sty
(/usr/share/texlive/texmf-dist/tex/latex/graphics/graphicx.sty
(/usr/share/texlive/texmf-dist/tex/latex/graphics/graphics.sty
(/usr/share/texlive/texmf-dist/tex/latex/graphics/trig.sty)
(/usr/share/texlive/texmf-dist/tex/latex/graphics-cfg/graphics.cfg)))
(/usr/share/texlive/texmf-dist/tex/latex/pgf/systemlayer/pgfsys.sty
(/usr/share/texlive/texmf-dist/tex/generic/pgf/systemlayer/pgfsys.code.tex
(/usr/share/texlive/texmf-dist/tex/generic/pgf/utilities/pgfkeys.code.tex
(/usr/share/texlive/texmf-dist/tex/generic/pgf/utilities/pgfkeyslibraryfiltered
.code.tex)) (/usr/share/texlive/texmf-dist/tex/generic/pgf/systemlayer/pgf.cfg)
(/usr/share/texlive/texmf-dist/tex/generic/pgf/systemlayer/pgfsys-pdftex.def
(/usr/share/texlive/texmf-dist/tex/generic/pgf/systemlayer/pgfsys-common-pdf.de
f)))
(/usr/share/texlive/texmf-dist/tex/generic/pgf/systemlayer/pgfsyssoftpath.code.
tex)
(/usr/share/texlive/texmf-dist/tex/generic/pgf/systemlayer/pgfsysprotocol.code.
tex))
(/usr/share/texlive/texmf-dist/tex/generic/pgf/basiclayer/pgfcore.code.tex
(/usr/share/texlive/texmf-dist/tex/generic/pgf/math/pgfmath.code.tex
(/usr/share/texlive/texmf-dist/tex/generic/pgf/math/pgfmathutil.code.tex)
(/usr/share/texlive/texmf-dist/tex/generic/pgf/math/pgfmathparser.code.tex)
(/usr/share/texlive/texmf-dist/tex/generic/pgf/math/pgfmathfunctions.code.tex)
(/usr/share/texlive/texmf-dist/tex/generic/pgf/math/pgfmathfunctions.basic.code
.tex)
(/usr/share/texlive/texmf-dist/tex/generic/pgf/math/pgfmathfunctions.trigonomet
ric.code.tex)
(/usr/share/texlive/texmf-dist/tex/generic/pgf/math/pgfmathfunctions.random.cod
e.tex)
(/usr/share/texlive/texmf-dist/tex/generic/pgf/math/pgfmathfunctions.comparison
.code.tex)
(/usr/share/texlive/texmf-dist/tex/generic/pgf/math/pgfmathfunctions.base.code.
tex)
(/usr/share/texlive/texmf-dist/tex/generic/pgf/math/pgfmathfunctions.round.code
.tex)
(/usr/share/texlive/texmf-dist/tex/generic/pgf/math/pgfmathfunctions.misc.code.
tex)
(/usr/share/texlive/texmf-dist/tex/generic/pgf/math/pgfmathfunctions.integerari
thmetics.code.tex)
(/usr/share/texlive/texmf-dist/tex/generic/pgf/math/pgfmathcalc.code.tex)
(/usr/share/texlive/texmf-dist/tex/generic/pgf/math/pgfmathfloat.code.tex))
(/usr/share/texlive/texmf-dist/tex/generic/pgf/math/pgfint.code.tex)
(/usr/share/texlive/texmf-dist/tex/generic/pgf/basiclayer/pgfcorepoints.code.te
x)
(/usr/share/texlive/texmf-dist/tex/generic/pgf/basiclayer/pgfcorepathconstruct.
code.tex)
(/usr/share/texlive/texmf-dist/tex/generic/pgf/basiclayer/pgfcorepathusage.code
.tex)
(/usr/share/texlive/texmf-dist/tex/generic/pgf/basiclayer/pgfcorescopes.code.te
x)
(/usr/share/texlive/texmf-dist/tex/generic/pgf/basiclayer/pgfcoregraphicstate.c
ode.tex)
(/usr/share/texlive/texmf-dist/tex/generic/pgf/basiclayer/pgfcoretransformation
s.code.tex)
(/usr/share/texlive/texmf-dist/tex/generic/pgf/basiclayer/pgfcorequick.code.tex
)
(/usr/share/texlive/texmf-dist/tex/generic/pgf/basiclayer/pgfcoreobjects.code.t
ex)
(/usr/share/texlive/texmf-dist/tex/generic/pgf/basiclayer/pgfcorepathprocessing
.code.tex)
(/usr/share/texlive/texmf-dist/tex/generic/pgf/basiclayer/pgfcorearrows.code.te
x)
(/usr/share/texlive/texmf-dist/tex/generic/pgf/basiclayer/pgfcoreshade.code.tex
)
(/usr/share/texlive/texmf-dist/tex/generic/pgf/basiclayer/pgfcoreimage.code.tex
)
(/usr/share/texlive/texmf-dist/tex/generic/pgf/basiclayer/pgfcoreexternal.code.
tex)
(/usr/share/texlive/texmf-dist/tex/generic/pgf/basiclayer/pgfcorelayers.code.te
x)
(/usr/share/texlive/texmf-dist/tex/generic/pgf/basiclayer/pgfcoretransparency.c
ode.tex)
(/usr/share/texlive/texmf-dist/tex/generic/pgf/basiclayer/pgfcorepatterns.code.
tex)
(/usr/share/texlive/texmf-dist/tex/generic/pgf/basiclayer/pgfcorerdf.code.tex))
)
(/usr/share/texlive/texmf-dist/tex/generic/pgf/modules/pgfmoduleshapes.code.tex
) (/usr/share/texlive/texmf-dist/tex/generic/pgf/modules/pgfmoduleplot.code.tex
)
(/usr/share/texlive/texmf-dist/tex/latex/pgf/compatibility/pgfcomp-version-0-65
.sty)
(/usr/share/texlive/texmf-dist/tex/latex/pgf/compatibility/pgfcomp-version-1-18
.sty)) (/usr/share/texlive/texmf-dist/tex/latex/pgf/utilities/pgffor.sty
(/usr/share/texlive/texmf-dist/tex/latex/pgf/utilities/pgfkeys.sty
(/usr/share/texlive/texmf-dist/tex/generic/pgf/utilities/pgfkeys.code.tex))
(/usr/share/texlive/texmf-dist/tex/latex/pgf/math/pgfmath.sty
(/usr/share/texlive/texmf-dist/tex/generic/pgf/math/pgfmath.code.tex))
(/usr/share/texlive/texmf-dist/tex/generic/pgf/utilities/pgffor.code.tex))
(/usr/share/texlive/texmf-dist/tex/generic/pgf/frontendlayer/tikz/tikz.code.tex

(/usr/share/texlive/texmf-dist/tex/generic/pgf/libraries/pgflibraryplothandlers
.code.tex)
(/usr/share/texlive/texmf-dist/tex/generic/pgf/modules/pgfmodulematrix.code.tex
)
(/usr/share/texlive/texmf-dist/tex/generic/pgf/frontendlayer/tikz/libraries/tik
zlibrarytopaths.code.tex)))
(/usr/share/texlive/texmf-dist/tex/generic/pgf/libraries/pgflibraryarrows.meta.
code.tex) (/usr/share/texlive/texmf-dist/tex/latex/hyperref/hyperref.sty
(/usr/share/texlive/texmf-dist/tex/latex/kvsetkeys/kvsetkeys.sty)
(/usr/share/texlive/texmf-dist/tex/generic/kvdefinekeys/kvdefinekeys.sty)
(/usr/share/texlive/texmf-dist/tex/generic/pdfescape/pdfescape.sty
(/usr/share/texlive/texmf-dist/tex/generic/ltxcmds/ltxcmds.sty)
(/usr/share/texlive/texmf-dist/tex/generic/pdftexcmds/pdftexcmds.sty
(/usr/share/texlive/texmf-dist/tex/generic/infwarerr/infwarerr.sty)))
(/usr/share/texlive/texmf-dist/tex/latex/hycolor/hycolor.sty)
(/usr/share/texlive/texmf-dist/tex/latex/auxhook/auxhook.sty)
(/usr/share/texlive/texmf-dist/tex/latex/hyperref/nameref.sty
(/usr/share/texlive/texmf-dist/tex/latex/refcount/refcount.sty)
(/usr/share/texlive/texmf-dist/tex/generic/gettitlestring/gettitlestring.sty
(/usr/share/texlive/texmf-dist/tex/latex/kvoptions/kvoptions.sty)))
(/usr/share/texlive/texmf-dist/tex/latex/hyperref/pd1enc.def)
(/usr/share/texlive/texmf-dist/tex/generic/intcalc/intcalc.sty)
(/usr/share/texlive/texmf-dist/tex/latex/hyperref/puenc.def)
(/usr/share/texlive/texmf-dist/tex/latex/url/url.sty)
(/usr/share/texlive/texmf-dist/tex/generic/bitset/bitset.sty
(/usr/share/texlive/texmf-dist/tex/generic/bigintcalc/bigintcalc.sty))
(/usr/share/texlive/texmf-dist/tex/latex/base/atbegshi-ltx.sty))
(/usr/share/texlive/texmf-dist/tex/latex/hyperref/hpdftex.def
(/usr/share/texlive/texmf-dist/tex/latex/base/atveryend-ltx.sty)
(/usr/share/texlive/texmf-dist/tex/latex/rerunfilecheck/rerunfilecheck.sty
(/usr/share/texlive/texmf-dist/tex/generic/uniquecounter/uniquecounter.sty)))
(/usr/share/texlive/texmf-dist/tex/latex/enumitem/enumitem.sty) (./figs.tex)
(./author.tex)
(/usr/share/texlive/texmf-dist/tex/latex/l3backend/l3backend-pdftex.def)
(./main.aux)
*geometry* driver: auto-detecting
*geometry* detected driver: pdftex
(/usr/share/texlive/texmf-dist/tex/latex/microtype/mt-cmr.cfg)
(/usr/share/texlive/texmf-dist/tex/context/base/mkii/supp-pdf.mkii
[Loading MPS to PDF converter (version 2006.09.02).]
) (/usr/share/texlive/texmf-dist/tex/latex/epstopdf-pkg/epstopdf-base.sty
(/usr/share/texlive/texmf-dist/tex/latex/latexconfig/epstopdf-sys.cfg))
(./main.out) (./main.out)
(/usr/share/texlive/texmf-dist/tex/latex/amsfonts/umsa.fd)
(/usr/share/texlive/texmf-dist/tex/latex/microtype/mt-msa.cfg)
(/usr/share/texlive/texmf-dist/tex/latex/amsfonts/umsb.fd)
(/usr/share/texlive/texmf-dist/tex/latex/microtype/mt-msb.cfg) [1{/var/lib/texm
f/fonts/map/pdftex/updmap/pdftex.map}] [2] [3] [4] [5] [6] [7] [8] [9] [10]
[11] [12] [13] [14] (./lean.tex [15] [16]) [17] [18] [19] [20] [21]
(./deductions.tex [22] [23] [24] [25] [26] [27]) [28]
Underfull \hbox (badness 1077) in paragraph at lines 1399--1417
 []\OT1/cmr/bx/n/10.95 (+20) Executable wit-nesses and ex-per-i-ments.[] \OT1/c
mr/m/n/10.95 (+20) All code is in the repos-i-tory [[]]. \OT1/cmtt/m/n/10.95 no
de

Underfull \hbox (badness 1748) in paragraph at lines 1399--1417
\OT1/cmtt/m/n/10.95 ORIENT=col\OT1/cmr/m/n/10.95 (+20) ); \OT1/cmtt/m/n/10.95 p
ython3 verify/verify2048.py witness/131072.txt \OT1/cmr/m/n/10.95 (+20) checks 
a wit-ness in-

Underfull \hbox (badness 4713) in paragraph at lines 1399--1417
\OT1/cmr/m/n/10.95 (+20) de-pen-dently of ev-ery-thing else in the repos-i-tory
, and \OT1/cmtt/m/n/10.95 node test/replay[]engine.js
[29] (./state-space.tex [30] [31] [32]) (./main.bbl [33]
Underfull \hbox (badness 1648) in paragraph at lines 27--30
[]\OT1/cmr/m/n/10.95 (+20) Dominic Dabish.  2048 Su-per-in-tel-li-gence.  []$\O
T1/cmtt/m/n/10.95 https : / / github . com / DomTheDeveloper /

Underfull \hbox (badness 1275) in paragraph at lines 32--39
[]\OT1/cmr/m/n/10.95 (+20) Dominic Dabish.  Lean-checked reach-a-bil-ity and ex
-act min-i-mum move counts for

Underfull \hbox (badness 1796) in paragraph at lines 54--59
[]\OT1/cmr/m/n/10.95 (+20) David Epp-stein.  Mak-ing change in 2048.  In \OT1/c
mr/m/it/10.95 (+20) 9th In-ter-na-tional Con-fer-ence on

Underfull \hbox (badness 1210) in paragraph at lines 54--59
\OT1/cmr/m/it/10.95 (+20) Fun with Al-go-rithms (FUN 2018)\OT1/cmr/m/n/10.95 (+
20) , vol-ume 100 of \OT1/cmr/m/it/10.95 (+20) LIPIcs\OT1/cmr/m/n/10.95 (+20) ,
 pages 21:1--21:13, 2018.
[34] [35]) [36] (./main.aux) )
(see the transcript file for additional information) </home/runner/.texlive2023
/texmf-var/fonts/pk/ljfour/jknappen/ec/tcrm1095.600pk></usr/share/texlive/texmf
-dist/fonts/type1/public/amsfonts/cm/cmbx10.pfb></usr/share/texlive/texmf-dist/
fonts/type1/public/amsfonts/cm/cmbx12.pfb></usr/share/texlive/texmf-dist/fonts/
type1/public/amsfonts/cm/cmbx6.pfb></usr/share/texlive/texmf-dist/fonts/type1/p
ublic/amsfonts/cm/cmbx8.pfb></usr/share/texlive/texmf-dist/fonts/type1/public/a
msfonts/cm/cmbx9.pfb></usr/share/texlive/texmf-dist/fonts/type1/public/amsfonts
/cm/cmcsc10.pfb></usr/share/texlive/texmf-dist/fonts/type1/public/amsfonts/cm/c
mex10.pfb></usr/share/texlive/texmf-dist/fonts/type1/public/amsfonts/cm/cmmi10.
pfb></usr/share/texlive/texmf-dist/fonts/type1/public/amsfonts/cm/cmmi6.pfb></u
sr/share/texlive/texmf-dist/fonts/type1/public/amsfonts/cm/cmmi8.pfb></usr/shar
e/texlive/texmf-dist/fonts/type1/public/amsfonts/cm/cmmi9.pfb></usr/share/texli
ve/texmf-dist/fonts/type1/public/amsfonts/cm/cmr10.pfb></usr/share/texlive/texm
f-dist/fonts/type1/public/amsfonts/cm/cmr12.pfb></usr/share/texlive/texmf-dist/
fonts/type1/public/amsfonts/cm/cmr17.pfb></usr/share/texlive/texmf-dist/fonts/t
ype1/public/amsfonts/cm/cmr6.pfb></usr/share/texlive/texmf-dist/fonts/type1/pub
lic/amsfonts/cm/cmr8.pfb></usr/share/texlive/texmf-dist/fonts/type1/public/amsf
onts/cm/cmr9.pfb></usr/share/texlive/texmf-dist/fonts/type1/public/amsfonts/cm/
cmsy10.pfb></usr/share/texlive/texmf-dist/fonts/type1/public/amsfonts/cm/cmsy6.
pfb></usr/share/texlive/texmf-dist/fonts/type1/public/amsfonts/cm/cmsy8.pfb></u
sr/share/texlive/texmf-dist/fonts/type1/public/amsfonts/cm/cmsy9.pfb></usr/shar
e/texlive/texmf-dist/fonts/type1/public/amsfonts/cm/cmti10.pfb></usr/share/texl
ive/texmf-dist/fonts/type1/public/amsfonts/cm/cmtt10.pfb></usr/share/texlive/te
xmf-dist/fonts/type1/public/amsfonts/cm/cmtt9.pfb></usr/share/texlive/texmf-dis
t/fonts/type1/public/amsfonts/symbols/msbm10.pfb>
Output written on main.pdf (36 pages, 514239 bytes).
Transcript written on main.log.
Latexmk: Getting log file 'main.log'
Latexmk: Examining 'main.fls'
Latexmk: Examining 'main.log'
Latexmk: Found input bbl file 'main.bbl'
Latexmk: Log file says output to 'main.pdf'
Latexmk: Found bibliography file(s):
  ./refs.bib
Latexmk: All targets (main.pdf) are up-to-date

PASS: author, affiliation, correspondence, citations, PDF metadata and cross-references.
